Archive member included because of file (symbol)

c:/program files (x86)/atmel/studio/7.0/toolchain/avr32/avr32-gnu-toolchain/bin/../lib/gcc/avr32/4.4.7/ucr2\libgcc.a(_lshrdi3.o)
                              src/asf/avr32/drivers/flashc/flashc.o (__avr32_lsr64)
c:/program files (x86)/atmel/studio/7.0/toolchain/avr32/avr32-gnu-toolchain/bin/../lib/gcc/avr32/4.4.7/ucr2\libgcc.a(_ashldi3.o)
                              src/asf/avr32/drivers/flashc/flashc.o (__avr32_lsl64)
c:/program files (x86)/atmel/studio/7.0/toolchain/avr32/avr32-gnu-toolchain/bin/../lib/gcc/avr32/4.4.7/ucr2\libgcc.a(_udivdi3.o)
                              src/asf/avr32/services/delay/delay.o (__avr32_udiv64)
c:/program files (x86)/atmel/studio/7.0/toolchain/avr32/avr32-gnu-toolchain/bin/../lib/gcc/avr32/4.4.7/../../../../avr32/lib/ucr2\libc.a(lib_a-impure.o)
                              src/main.o (_impure_ptr)
c:/program files (x86)/atmel/studio/7.0/toolchain/avr32/avr32-gnu-toolchain/bin/../lib/gcc/avr32/4.4.7/../../../../avr32/lib/ucr2\libc.a(lib_a-memcpy.o)
                              src/asf/common/services/usb/class/cdc/device/udi_cdc.o (memcpy)
c:/program files (x86)/atmel/studio/7.0/toolchain/avr32/avr32-gnu-toolchain/bin/../lib/gcc/avr32/4.4.7/../../../../avr32/lib/ucr2\libc.a(lib_a-setbuf.o)
                              src/main.o (setbuf)
c:/program files (x86)/atmel/studio/7.0/toolchain/avr32/avr32-gnu-toolchain/bin/../lib/gcc/avr32/4.4.7/../../../../avr32/lib/ucr2\libc.a(lib_a-setvbuf.o)
                              c:/program files (x86)/atmel/studio/7.0/toolchain/avr32/avr32-gnu-toolchain/bin/../lib/gcc/avr32/4.4.7/../../../../avr32/lib/ucr2\libc.a(lib_a-setbuf.o) (setvbuf)
c:/program files (x86)/atmel/studio/7.0/toolchain/avr32/avr32-gnu-toolchain/bin/../lib/gcc/avr32/4.4.7/../../../../avr32/lib/ucr2\libc.a(lib_a-fflush.o)
                              c:/program files (x86)/atmel/studio/7.0/toolchain/avr32/avr32-gnu-toolchain/bin/../lib/gcc/avr32/4.4.7/../../../../avr32/lib/ucr2\libc.a(lib_a-setvbuf.o) (_fflush_r)
c:/program files (x86)/atmel/studio/7.0/toolchain/avr32/avr32-gnu-toolchain/bin/../lib/gcc/avr32/4.4.7/../../../../avr32/lib/ucr2\libc.a(lib_a-findfp.o)
                              c:/program files (x86)/atmel/studio/7.0/toolchain/avr32/avr32-gnu-toolchain/bin/../lib/gcc/avr32/4.4.7/../../../../avr32/lib/ucr2\libc.a(lib_a-setvbuf.o) (_cleanup_r)
c:/program files (x86)/atmel/studio/7.0/toolchain/avr32/avr32-gnu-toolchain/bin/../lib/gcc/avr32/4.4.7/../../../../avr32/lib/ucr2\libc.a(lib_a-freer.o)
                              c:/program files (x86)/atmel/studio/7.0/toolchain/avr32/avr32-gnu-toolchain/bin/../lib/gcc/avr32/4.4.7/../../../../avr32/lib/ucr2\libc.a(lib_a-setvbuf.o) (_free_r)
c:/program files (x86)/atmel/studio/7.0/toolchain/avr32/avr32-gnu-toolchain/bin/../lib/gcc/avr32/4.4.7/../../../../avr32/lib/ucr2\libc.a(lib_a-fwalk.o)
                              c:/program files (x86)/atmel/studio/7.0/toolchain/avr32/avr32-gnu-toolchain/bin/../lib/gcc/avr32/4.4.7/../../../../avr32/lib/ucr2\libc.a(lib_a-fflush.o) (_fwalk_reent)
c:/program files (x86)/atmel/studio/7.0/toolchain/avr32/avr32-gnu-toolchain/bin/../lib/gcc/avr32/4.4.7/../../../../avr32/lib/ucr2\libc.a(lib_a-malloc.o)
                              c:/program files (x86)/atmel/studio/7.0/toolchain/avr32/avr32-gnu-toolchain/bin/../lib/gcc/avr32/4.4.7/../../../../avr32/lib/ucr2\libc.a(lib_a-setvbuf.o) (malloc)
c:/program files (x86)/atmel/studio/7.0/toolchain/avr32/avr32-gnu-toolchain/bin/../lib/gcc/avr32/4.4.7/../../../../avr32/lib/ucr2\libc.a(lib_a-mallocr.o)
                              c:/program files (x86)/atmel/studio/7.0/toolchain/avr32/avr32-gnu-toolchain/bin/../lib/gcc/avr32/4.4.7/../../../../avr32/lib/ucr2\libc.a(lib_a-findfp.o) (_malloc_r)
c:/program files (x86)/atmel/studio/7.0/toolchain/avr32/avr32-gnu-toolchain/bin/../lib/gcc/avr32/4.4.7/../../../../avr32/lib/ucr2\libc.a(lib_a-memset.o)
                              c:/program files (x86)/atmel/studio/7.0/toolchain/avr32/avr32-gnu-toolchain/bin/../lib/gcc/avr32/4.4.7/../../../../avr32/lib/ucr2\libc.a(lib_a-findfp.o) (memset)
c:/program files (x86)/atmel/studio/7.0/toolchain/avr32/avr32-gnu-toolchain/bin/../lib/gcc/avr32/4.4.7/../../../../avr32/lib/ucr2\libc.a(lib_a-mlock.o)
                              c:/program files (x86)/atmel/studio/7.0/toolchain/avr32/avr32-gnu-toolchain/bin/../lib/gcc/avr32/4.4.7/../../../../avr32/lib/ucr2\libc.a(lib_a-freer.o) (__malloc_lock)
c:/program files (x86)/atmel/studio/7.0/toolchain/avr32/avr32-gnu-toolchain/bin/../lib/gcc/avr32/4.4.7/../../../../avr32/lib/ucr2\libc.a(lib_a-sbrkr.o)
                              c:/program files (x86)/atmel/studio/7.0/toolchain/avr32/avr32-gnu-toolchain/bin/../lib/gcc/avr32/4.4.7/../../../../avr32/lib/ucr2\libc.a(lib_a-freer.o) (_sbrk_r)
c:/program files (x86)/atmel/studio/7.0/toolchain/avr32/avr32-gnu-toolchain/bin/../lib/gcc/avr32/4.4.7/../../../../avr32/lib/ucr2\libc.a(lib_a-stdio.o)
[...]
Memory Configuration

Name             Origin             Length             Attributes
FLASH            0x80000000         0x00040000         axrl !w
INTRAM           0x00000004         0x0000fffc         axw !rl
HRAM0            0xff000000         0x00008000         axw !rl
HRAM1            0xff008000         0x00008000         axw !rl
USERPAGE         0x80800000         0x00000200
*default*        0x00000000         0xffffffff

Linker script and memory map

                0x00001000                _stack_size = 0x1000
LOAD src/asf/avr32/boards/uc3_a3_xplained/init.o
LOAD src/asf/avr32/boards/uc3_a3_xplained/led.o
LOAD src/asf/avr32/drivers/flashc/flashc.o
LOAD src/asf/avr32/drivers/gpio/gpio.o
LOAD src/asf/avr32/drivers/intc/exception.o
LOAD src/asf/avr32/drivers/intc/intc.o
LOAD src/asf/avr32/drivers/pm/pm.o
LOAD src/asf/avr32/drivers/pm/pm_conf_clocks.o
LOAD src/asf/avr32/drivers/pm/power_clocks_lib.o
LOAD src/asf/avr32/drivers/usbb/usbb_device.o
LOAD src/asf/avr32/services/delay/delay.o
LOAD src/asf/avr32/utils/startup/startup_uc3.o
LOAD src/asf/avr32/utils/startup/trampoline_uc3.o
LOAD src/asf/common/services/clock/uc3a3_a4/sysclk.o
LOAD src/asf/common/services/sleepmgr/uc3/sleepmgr.o
LOAD src/asf/common/services/usb/class/cdc/device/udi_cdc.o
LOAD src/asf/common/services/usb/class/cdc/device/udi_cdc_desc.o
LOAD src/asf/common/services/usb/udc/udc.o
LOAD src/asf/common/utils/stdio/read.o
LOAD src/asf/common/utils/stdio/stdio_usb/stdio_usb.o
LOAD src/asf/common/utils/stdio/write.o
LOAD src/busy_delay.o
LOAD src/main.o
START GROUP
LOAD c:/program files (x86)/atmel/studio/7.0/toolchain/avr32/avr32-gnu-toolchain/bin/../lib/gcc/avr32/4.4.7/../../../../avr32/lib/ucr2\libm.a
END GROUP
LOAD c:/program files (x86)/atmel/studio/7.0/toolchain/avr32/avr32-gnu-toolchain/bin/../lib/gcc/avr32/4.4.7/ucr2\libgcc.a
LOAD c:/program files (x86)/atmel/studio/7.0/toolchain/avr32/avr32-gnu-toolchain/bin/../lib/gcc/avr32/4.4.7/../../../../avr32/lib/ucr2\libc.a
LOAD c:/program files (x86)/atmel/studio/7.0/toolchain/avr32/avr32-gnu-toolchain/bin/../lib/gcc/avr32/4.4.7/ucr2\libgcc.a
                0xffffffff                __max_heap_size__ = 0xffffffff
                [0xffffffff]                __heap_size__ = DEFINED (__heap_size__)?__heap_size__:__max_heap_size__
                [0x00001000]                __stack_size__ = DEFINED (__stack_size__)?__stack_size__:0x1000
                0x80000000                PROVIDE (__executable_start, 0x80000000)
                0x80000000                . = 0x80000000

.interp
 *(.interp)

.reset          0x80000000     0x2004
 *(.reset)
 .reset         0x80000000     0x2004 src/asf/avr32/utils/startup/trampoline_uc3.o
                               0x2008 (size before relaxing)
                0x80000000                _trampoline

.hash
 *(.hash)

.dynsym
 *(.dynsym)

.dynstr
 *(.dynstr)

.gnu.version
 *(.gnu.version)

.gnu.version_d
 *(.gnu.version_d)

.gnu.version_r
 *(.gnu.version_r)

.rel.init
 *(.rel.init)

.rela.init
 *(.rela.init)

.rel.text
 *(.rel.text .rel.text.* .rel.gnu.linkonce.t.*)

.rela.text
 *(.rela.text .rela.text.* .rela.gnu.linkonce.t.*)

.rel.fini
 *(.rel.fini)

.rela.fini
 *(.rela.fini)

.rel.rodata
 *(.rel.rodata .rel.rodata.* .rel.gnu.linkonce.r.*)

.rela.rodata
 *(.rela.rodata .rela.rodata.* .rela.gnu.linkonce.r.*)

.rel.data.rel.ro
 *(.rel.data.rel.ro*)

.rela.data.rel.ro
 *(.rel.data.rel.ro*)

.rel.data
 *(.rel.data .rel.data.* .rel.gnu.linkonce.d.*)

.rela.data
 *(.rela.data .rela.data.* .rela.gnu.linkonce.d.*)

.rel.tdata
 *(.rel.tdata .rel.tdata.* .rel.gnu.linkonce.td.*)

.rela.tdata
 *(.rela.tdata .rela.tdata.* .rela.gnu.linkonce.td.*)

.rel.tbss
 *(.rel.tbss .rel.tbss.* .rel.gnu.linkonce.tb.*)

.rela.tbss
 *(.rela.tbss .rela.tbss.* .rela.gnu.linkonce.tb.*)

.rel.ctors
 *(.rel.ctors)

.rela.ctors
 *(.rela.ctors)

.rel.dtors
 *(.rel.dtors)

.rela.dtors
 *(.rela.dtors)

.rel.got
 *(.rel.got)

.rela.got       0x80002004        0x0
 *(.rela.got)
 .rela.got      0x80002004        0x0 src/asf/avr32/drivers/flashc/flashc.o

.rel.bss
 *(.rel.bss .rel.bss.* .rel.gnu.linkonce.b.*)

.rela.bss
 *(.rela.bss .rela.bss.* .rela.gnu.linkonce.b.*)

.rel.plt
 *(.rel.plt)

.rela.plt
 *(.rela.plt)

.init
 *(.init)

.plt
 *(.plt)

.text           0x80002004     0x2b24
 *(.text .stub .text.* .gnu.linkonce.t.*)
 .text.board_init
                0x80002004       0x24 src/asf/avr32/boards/uc3_a3_xplained/init.o
                                 0x30 (size before relaxing)
                0x80002004                board_init
 .text.flashc_set_bus_freq
                0x80002028       0x28 src/asf/avr32/drivers/flashc/flashc.o
                0x80002028                flashc_set_bus_freq
 .text.gpio_configure_pin
                0x80002050       0xbe src/asf/avr32/drivers/gpio/gpio.o
                0x80002050                gpio_configure_pin
 .text.gpio_get_pin_value
                0x8000210e       0x16 src/asf/avr32/drivers/gpio/gpio.o
                0x8000210e                gpio_get_pin_value
 .text.gpio_set_pin_high
                0x80002124       0x14 src/asf/avr32/drivers/gpio/gpio.o
                0x80002124                gpio_set_pin_high
 .text.gpio_set_pin_low
                0x80002138       0x14 src/asf/avr32/drivers/gpio/gpio.o
                0x80002138                gpio_set_pin_low
 .text._unhandled_interrupt
                0x8000214c        0x2 src/asf/avr32/drivers/intc/intc.o
 *fill*         0x8000214e        0x2 d703d703
 .text.INTC_register_interrupt
                0x80002150       0x2c src/asf/avr32/drivers/intc/intc.o
                                 0x30 (size before relaxing)
                0x80002150                INTC_register_interrupt
 .text.INTC_init_interrupts
                0x8000217c       0x44 src/asf/avr32/drivers/intc/intc.o
                                 0x4c (size before relaxing)
                0x8000217c                INTC_init_interrupts
 .text._get_interrupt_handler
                0x800021c0       0x38 src/asf/avr32/drivers/intc/intc.o
                0x800021c0                _get_interrupt_handler
 .text.udd_include_vbus_monitoring
                0x800021f8        0x2 src/asf/avr32/drivers/usbb/usbb_device.o
                0x800021f8                udd_include_vbus_monitoring
 .text.udd_is_high_speed
                0x800021fa        0x2 src/asf/avr32/drivers/usbb/usbb_device.o
                0x800021fa                udd_is_high_speed
 .text.udd_set_address
                0x800021fc       0x22 src/asf/avr32/drivers/usbb/usbb_device.o
                0x800021fc                udd_set_address
 .text.udd_getaddress
                0x8000221e        0xc src/asf/avr32/drivers/usbb/usbb_device.o
                0x8000221e                udd_getaddress
 .text.udd_get_frame_number
                0x8000222a        0xc src/asf/avr32/drivers/usbb/usbb_device.o
                0x8000222a                udd_get_frame_number
 .text.udd_get_micro_frame_number
                0x80002236        0xc src/asf/avr32/drivers/usbb/usbb_device.o
                0x80002236                udd_get_micro_frame_number
 *fill*         0x80002242        0x2 d703d703
 .text.udd_set_setup_payload
                0x80002244        0xc src/asf/avr32/drivers/usbb/usbb_device.o
                0x80002244                udd_set_setup_payload
 .text.udd_ep_is_halted
                0x80002250       0x12 src/asf/avr32/drivers/usbb/usbb_device.o
                0x80002250                udd_ep_is_halted
 *fill*         0x80002262        0x2 d703d703
 .text.udd_ep_set_halt
                0x80002264       0x7c src/asf/avr32/drivers/usbb/usbb_device.o
                0x80002264                udd_ep_set_halt
 .text.udd_ep_clear_halt
                0x800022e0       0x78 src/asf/avr32/drivers/usbb/usbb_device.o
                0x800022e0                udd_ep_clear_halt
 .text.udd_ep_finish_job
                0x80002358       0x20 src/asf/avr32/drivers/usbb/usbb_device.o
 .text.udd_ep_free
                0x80002378       0x38 src/asf/avr32/drivers/usbb/usbb_device.o
                                 0x3c (size before relaxing)
                0x80002378                udd_ep_free
 .text.udd_ep_run
                0x800023b0      0x134 src/asf/avr32/drivers/usbb/usbb_device.o
                0x800023b0                udd_ep_run
 .text.udd_sleep_mode
                0x800024e4       0x48 src/asf/avr32/drivers/usbb/usbb_device.o
 .text.udd_detach
                0x8000252c       0x1c src/asf/avr32/drivers/usbb/usbb_device.o
                                 0x24 (size before relaxing)
                0x8000252c                udd_detach
 .text.udd_ctrl_init
                0x80002548       0x34 src/asf/avr32/drivers/usbb/usbb_device.o
 .text.udd_ctrl_in_sent
                0x8000257c      0x110 src/asf/avr32/drivers/usbb/usbb_device.o
                                0x118 (size before relaxing)
 .text.udd_ep_alloc
                0x8000268c      0x11e src/asf/avr32/drivers/usbb/usbb_device.o
                0x8000268c                udd_ep_alloc
 .text.udd_reset_ep_ctrl
                0x800027aa       0x6e src/asf/avr32/drivers/usbb/usbb_device.o
 .text.udd_attach
                0x80002818       0x54 src/asf/avr32/drivers/usbb/usbb_device.o
                                 0x6c (size before relaxing)
                0x80002818                udd_attach
 .text.udd_enable
                0x8000286c       0xf0 src/asf/avr32/drivers/usbb/usbb_device.o
                                 0xfc (size before relaxing)
                0x8000286c                udd_enable
 .text.udd_interrupt
                0x8000295c      0x568 src/asf/avr32/drivers/usbb/usbb_device.o
                                0x594 (size before relaxing)
 .text._stext   0x80002ec4       0x4c src/asf/avr32/utils/startup/startup_uc3.o
                                 0x50 (size before relaxing)
                0x80002ec4                _stext
 .text.sysclk_init
                0x80002f10       0x64 src/asf/common/services/clock/uc3a3_a4/sysclk.o
                                 0x68 (size before relaxing)
                0x80002f10                sysclk_init
 .text.sysclk_priv_enable_module
                0x80002f74       0x2a src/asf/common/services/clock/uc3a3_a4/sysclk.o
                0x80002f74                sysclk_priv_enable_module
 *fill*         0x80002f9e        0x2 d703d703
 .text.sysclk_enable_pbb_module
                0x80002fa0       0x48 src/asf/common/services/clock/uc3a3_a4/sysclk.o
                                 0x50 (size before relaxing)
                0x80002fa0                sysclk_enable_pbb_module
 .text.sysclk_enable_usb
                0x80002fe8       0x3c src/asf/common/services/clock/uc3a3_a4/sysclk.o
                                 0x48 (size before relaxing)
                0x80002fe8                sysclk_enable_usb
 .text.udi_cdc_data_disable
                0x80003024        0x2 src/asf/common/services/usb/class/cdc/device/udi_cdc.o
                0x80003024                udi_cdc_data_disable
 *fill*         0x80003026        0x2 d703d703
 .text.udi_cdc_comm_setup
                0x80003028       0x6c src/asf/common/services/usb/class/cdc/device/udi_cdc.o
                0x80003028                udi_cdc_comm_setup
 .text.udi_cdc_data_setup
                0x80003094        0x2 src/asf/common/services/usb/class/cdc/device/udi_cdc.o
                0x80003094                udi_cdc_data_setup
 .text.udi_cdc_getsetting
                0x80003096        0x2 src/asf/common/services/usb/class/cdc/device/udi_cdc.o
                0x80003096                udi_cdc_getsetting
 .text.udi_cdc_line_coding_received
                0x80003098        0x2 src/asf/common/services/usb/class/cdc/device/udi_cdc.o
                0x80003098                udi_cdc_line_coding_received
 *fill*         0x8000309a        0x2 d703d703
 .text.udi_cdc_is_tx_ready
                0x8000309c       0x64 src/asf/common/services/usb/class/cdc/device/udi_cdc.o
                0x8000309c                udi_cdc_is_tx_ready
 .text.udi_cdc_putc
                0x80003100       0x6c src/asf/common/services/usb/class/cdc/device/udi_cdc.o
                                 0x74 (size before relaxing)
                0x80003100                udi_cdc_putc
 .text.udi_cdc_rx_start
                0x8000316c       0x70 src/asf/common/services/usb/class/cdc/device/udi_cdc.o
                                 0x78 (size before relaxing)
 .text.udi_cdc_getc
                0x800031dc       0x78 src/asf/common/services/usb/class/cdc/device/udi_cdc.o
                                 0x80 (size before relaxing)
                0x800031dc                udi_cdc_getc
 .text.udi_cdc_data_recevied
                0x80003254       0x30 src/asf/common/services/usb/class/cdc/device/udi_cdc.o
                                 0x34 (size before relaxing)
                0x80003254                udi_cdc_data_recevied
 .text.udi_cdc_tx_send
                0x80003284       0xbc src/asf/common/services/usb/class/cdc/device/udi_cdc.o
                                 0xcc (size before relaxing)
 .text.udi_cdc_data_sent
                0x80003340       0x38 src/asf/common/services/usb/class/cdc/device/udi_cdc.o
                                 0x3c (size before relaxing)
                0x80003340                udi_cdc_data_sent
 .text.udi_cdc_data_sof_notify
                0x80003378        0x8 src/asf/common/services/usb/class/cdc/device/udi_cdc.o
                                  0xc (size before relaxing)
                0x80003378                udi_cdc_data_sof_notify
 .text.udi_cdc_data_enable
                0x80003380       0x60 src/asf/common/services/usb/class/cdc/device/udi_cdc.o
                                 0x6c (size before relaxing)
                0x80003380                udi_cdc_data_enable
 .text.udi_cdc_comm_disable
                0x800033e0       0x14 src/asf/common/services/usb/class/cdc/device/udi_cdc.o
                                 0x18 (size before relaxing)
                0x800033e0                udi_cdc_comm_disable
 .text.udi_cdc_comm_enable
                0x800033f4       0x38 src/asf/common/services/usb/class/cdc/device/udi_cdc.o
                                 0x3c (size before relaxing)
                0x800033f4                udi_cdc_comm_enable
 .text.udc_update_iface_desc
                0x8000342c       0x7c src/asf/common/services/usb/udc/udc.o
 .text.udc_sof_notify
                0x800034a8       0x40 src/asf/common/services/usb/udc/udc.o
                0x800034a8                udc_sof_notify
 .text.udc_valid_address
                0x800034e8       0x14 src/asf/common/services/usb/udc/udc.o
                                 0x18 (size before relaxing)
 .text.udc_iface_enable
                0x800034fc       0x88 src/asf/common/services/usb/udc/udc.o
                                 0x94 (size before relaxing)
 .text.udc_iface_disable
                0x80003584       0x80 src/asf/common/services/usb/udc/udc.o
                                 0x8c (size before relaxing)
 .text.udc_reset
                0x80003604       0x48 src/asf/common/services/usb/udc/udc.o
                                 0x4c (size before relaxing)
                0x80003604                udc_reset
 .text.udc_process_setup
                0x8000364c      0x394 src/asf/common/services/usb/udc/udc.o
                                0x3d0 (size before relaxing)
                0x8000364c                udc_process_setup
 .text._read    0x800039e0       0x48 src/asf/common/utils/stdio/read.o
                0x800039e0                _read
 .text.stdio_usb_enable
                0x80003a28       0x10 src/asf/common/utils/stdio/stdio_usb/stdio_usb.o
                0x80003a28                stdio_usb_enable
 .text.stdio_usb_disable
                0x80003a38        0xc src/asf/common/utils/stdio/stdio_usb/stdio_usb.o
                0x80003a38                stdio_usb_disable
 .text.stdio_usb_vbus_event
                0x80003a44       0x14 src/asf/common/utils/stdio/stdio_usb/stdio_usb.o
                                 0x1c (size before relaxing)
                0x80003a44                stdio_usb_vbus_event
 .text.stdio_usb_init
                0x80003a58       0x34 src/asf/common/utils/stdio/stdio_usb/stdio_usb.o
                                 0x44 (size before relaxing)
                0x80003a58                stdio_usb_init
 .text.stdio_usb_getchar
                0x80003a8c       0x24 src/asf/common/utils/stdio/stdio_usb/stdio_usb.o
                                 0x28 (size before relaxing)
                0x80003a8c                stdio_usb_getchar
 .text.stdio_usb_putchar
                0x80003ab0       0x20 src/asf/common/utils/stdio/stdio_usb/stdio_usb.o
                                 0x24 (size before relaxing)
                0x80003ab0                stdio_usb_putchar
 .text._write   0x80003ad0       0x38 src/asf/common/utils/stdio/write.o
                0x80003ad0                _write
 .text.busy_delay_init
                0x80003b08        0xc src/busy_delay.o
                0x80003b08                busy_delay_init
 .text.busy_delay_us
                0x80003b14       0x48 src/busy_delay.o
                                 0x4c (size before relaxing)
                0x80003b14                busy_delay_us
 .text.interrupt_J3
                0x80003b5c        0x2 src/main.o
 *fill*         0x80003b5e        0x2 d703d703
 .text.init     0x80003b60       0x48 src/main.o
                                 0x6c (size before relaxing)
                0x80003b60                init
 .text.main     0x80003ba8       0x80 src/main.o
                                 0xa0 (size before relaxing)
                0x80003ba8                main
 .text          0x80003c28      0x264 c:/program files (x86)/atmel/studio/7.0/toolchain/avr32/avr32-gnu-toolchain/bin/../lib/gcc/avr32/4.4.7/ucr2\libgcc.a(_udivdi3.o)
                0x80003c28                __avr32_udiv64
                0x80003c28                __udivdi3
 .text.setbuf   0x80003e8c       0x14 c:/program files (x86)/atmel/studio/7.0/toolchain/avr32/avr32-gnu-toolchain/bin/../lib/gcc/avr32/4.4.7/../../../../avr32/lib/ucr2\libc.a(lib_a-setbuf.o)
                                 0x1c (size before relaxing)
                0x80003e8c                setbuf
 .text.setvbuf  0x80003ea0      0x108 c:/program files (x86)/atmel/studio/7.0/toolchain/avr32/avr32-gnu-toolchain/bin/../lib/gcc/avr32/4.4.7/../../../../avr32/lib/ucr2\libc.a(lib_a-setvbuf.o)
                                0x120 (size before relaxing)
                0x80003ea0                setvbuf
 .text._fflush_r
                0x80003fa8      0x110 c:/program files (x86)/atmel/studio/7.0/toolchain/avr32/avr32-gnu-toolchain/bin/../lib/gcc/avr32/4.4.7/../../../../avr32/lib/ucr2\libc.a(lib_a-fflush.o)
                                0x118 (size before relaxing)
                0x80003fa8                _fflush_r
 .text.__sfp_lock_acquire
                0x800040b8        0x2 c:/program files (x86)/atmel/studio/7.0/toolchain/avr32/avr32-gnu-toolchain/bin/../lib/gcc/avr32/4.4.7/../../../../avr32/lib/ucr2\libc.a(lib_a-findfp.o)
                0x800040b8                __sfp_lock_acquire
 .text.__sfp_lock_release
                0x800040ba        0x2 c:/program files (x86)/atmel/studio/7.0/toolchain/avr32/avr32-gnu-toolchain/bin/../lib/gcc/avr32/4.4.7/../../../../avr32/lib/ucr2\libc.a(lib_a-findfp.o)
                0x800040ba                __sfp_lock_release
 .text._cleanup_r
                0x800040bc        0xc c:/program files (x86)/atmel/studio/7.0/toolchain/avr32/avr32-gnu-toolchain/bin/../lib/gcc/avr32/4.4.7/../../../../avr32/lib/ucr2\libc.a(lib_a-findfp.o)
                                 0x14 (size before relaxing)
                0x800040bc                _cleanup_r
 .text.__sfmoreglue
                0x800040c8       0x28 c:/program files (x86)/atmel/studio/7.0/toolchain/avr32/avr32-gnu-toolchain/bin/../lib/gcc/avr32/4.4.7/../../../../avr32/lib/ucr2\libc.a(lib_a-findfp.o)
                                 0x30 (size before relaxing)
                0x800040c8                __sfmoreglue
 .text.__sfp    0x800040f0       0x70 c:/program files (x86)/atmel/studio/7.0/toolchain/avr32/avr32-gnu-toolchain/bin/../lib/gcc/avr32/4.4.7/../../../../avr32/lib/ucr2\libc.a(lib_a-findfp.o)
                                 0x7c (size before relaxing)
                0x800040f0                __sfp
 .text.__sinit  0x80004160       0x9c c:/program files (x86)/atmel/studio/7.0/toolchain/avr32/avr32-gnu-toolchain/bin/../lib/gcc/avr32/4.4.7/../../../../avr32/lib/ucr2\libc.a(lib_a-findfp.o)
                                 0xb0 (size before relaxing)
                0x80004160                __sinit
 .text._malloc_trim_r
                0x800041fc       0x9c c:/program files (x86)/atmel/studio/7.0/toolchain/avr32/avr32-gnu-toolchain/bin/../lib/gcc/avr32/4.4.7/../../../../avr32/lib/ucr2\libc.a(lib_a-freer.o)
                                 0xa8 (size before relaxing)
                0x800041fc                _malloc_trim_r
 .text._free_r  0x80004298      0x190 c:/program files (x86)/atmel/studio/7.0/toolchain/avr32/avr32-gnu-toolchain/bin/../lib/gcc/avr32/4.4.7/../../../../avr32/lib/ucr2\libc.a(lib_a-freer.o)
                                0x1a0 (size before relaxing)
                0x80004298                _free_r
 .text._fwalk   0x80004428       0x48 c:/program files (x86)/atmel/studio/7.0/toolchain/avr32/avr32-gnu-toolchain/bin/../lib/gcc/avr32/4.4.7/../../../../avr32/lib/ucr2\libc.a(lib_a-fwalk.o)
                                 0x54 (size before relaxing)
                0x80004428                _fwalk
 .text.malloc   0x80004470       0x10 c:/program files (x86)/atmel/studio/7.0/toolchain/avr32/avr32-gnu-toolchain/bin/../lib/gcc/avr32/4.4.7/../../../../avr32/lib/ucr2\libc.a(lib_a-malloc.o)
                                 0x18 (size before relaxing)
                0x80004470                malloc
 .text._malloc_r
                0x80004480      0x428 c:/program files (x86)/atmel/studio/7.0/toolchain/avr32/avr32-gnu-toolchain/bin/../lib/gcc/avr32/4.4.7/../../../../avr32/lib/ucr2\libc.a(lib_a-mallocr.o)
                                0x450 (size before relaxing)
                0x80004480                _malloc_r
 .text.memset   0x800048a8        0xe c:/program files (x86)/atmel/studio/7.0/toolchain/avr32/avr32-gnu-toolchain/bin/../lib/gcc/avr32/4.4.7/../../../../avr32/lib/ucr2\libc.a(lib_a-memset.o)
                0x800048a8                memset
 .text.__malloc_lock
                0x800048b6        0x2 c:/program files (x86)/atmel/studio/7.0/toolchain/avr32/avr32-gnu-toolchain/bin/../lib/gcc/avr32/4.4.7/../../../../avr32/lib/ucr2\libc.a(lib_a-mlock.o)
                0x800048b6                __malloc_lock
 .text.__malloc_unlock
                0x800048b8        0x2 c:/program files (x86)/atmel/studio/7.0/toolchain/avr32/avr32-gnu-toolchain/bin/../lib/gcc/avr32/4.4.7/../../../../avr32/lib/ucr2\libc.a(lib_a-mlock.o)
                0x800048b8                __malloc_unlock
 *fill*         0x800048ba        0x2 d703d703
 .text._sbrk_r  0x800048bc       0x20 c:/program files (x86)/atmel/studio/7.0/toolchain/avr32/avr32-gnu-toolchain/bin/../lib/gcc/avr32/4.4.7/../../../../avr32/lib/ucr2\libc.a(lib_a-sbrkr.o)
                                 0x28 (size before relaxing)
                0x800048bc                _sbrk_r
 .text.__sclose
                0x800048dc        0x8 c:/program files (x86)/atmel/studio/7.0/toolchain/avr32/avr32-gnu-toolchain/bin/../lib/gcc/avr32/4.4.7/../../../../avr32/lib/ucr2\libc.a(lib_a-stdio.o)
                                 0x10 (size before relaxing)
                0x800048dc                __sclose
 .text.__sseek  0x800048e4       0x20 c:/program files (x86)/atmel/studio/7.0/toolchain/avr32/avr32-gnu-toolchain/bin/../lib/gcc/avr32/4.4.7/../../../../avr32/lib/ucr2\libc.a(lib_a-stdio.o)
                                 0x28 (size before relaxing)
                0x800048e4                __sseek
 .text.__swrite
                0x80004904       0x2c c:/program files (x86)/atmel/studio/7.0/toolchain/avr32/avr32-gnu-toolchain/bin/../lib/gcc/avr32/4.4.7/../../../../avr32/lib/ucr2\libc.a(lib_a-stdio.o)
                                 0x38 (size before relaxing)
                0x80004904                __swrite
 .text.__sread  0x80004930       0x1c c:/program files (x86)/atmel/studio/7.0/toolchain/avr32/avr32-gnu-toolchain/bin/../lib/gcc/avr32/4.4.7/../../../../avr32/lib/ucr2\libc.a(lib_a-stdio.o)
                                 0x24 (size before relaxing)
                0x80004930                __sread
 .text._close   0x8000494c       0x18 c:/program files (x86)/atmel/studio/7.0/toolchain/avr32/avr32-gnu-toolchain/bin/../lib/gcc/avr32/4.4.7/../../../../avr32/lib/ucr2\libc.a(lib_a-syscalls.o)
                0x8000494c                _close
 .text._lseek   0x80004964       0x18 c:/program files (x86)/atmel/studio/7.0/toolchain/avr32/avr32-gnu-toolchain/bin/../lib/gcc/avr32/4.4.7/../../../../avr32/lib/ucr2\libc.a(lib_a-syscalls.o)
                0x80004964                _lseek
 .text._sbrk    0x8000497c       0x3c c:/program files (x86)/atmel/studio/7.0/toolchain/avr32/avr32-gnu-toolchain/bin/../lib/gcc/avr32/4.4.7/../../../../avr32/lib/ucr2\libc.a(lib_a-syscalls.o)
                                 0x40 (size before relaxing)
                0x8000497c                _sbrk
 .text._write_r
                0x800049b8       0x28 c:/program files (x86)/atmel/studio/7.0/toolchain/avr32/avr32-gnu-toolchain/bin/../lib/gcc/avr32/4.4.7/../../../../avr32/lib/ucr2\libc.a(lib_a-writer.o)
                                 0x2c (size before relaxing)
                0x800049b8                _write_r
 .text._close_r
                0x800049e0       0x20 c:/program files (x86)/atmel/studio/7.0/toolchain/avr32/avr32-gnu-toolchain/bin/../lib/gcc/avr32/4.4.7/../../../../avr32/lib/ucr2\libc.a(lib_a-closer.o)
                                 0x28 (size before relaxing)
                0x800049e0                _close_r
 .text.__errno  0x80004a00        0xc c:/program files (x86)/atmel/studio/7.0/toolchain/avr32/avr32-gnu-toolchain/bin/../lib/gcc/avr32/4.4.7/../../../../avr32/lib/ucr2\libc.a(lib_a-errno.o)
                0x80004a00                __errno
 .text._fclose_r
                0x80004a0c       0xbc c:/program files (x86)/atmel/studio/7.0/toolchain/avr32/avr32-gnu-toolchain/bin/../lib/gcc/avr32/4.4.7/../../../../avr32/lib/ucr2\libc.a(lib_a-fclose.o)
                                 0xd0 (size before relaxing)
                0x80004a0c                _fclose_r
 .text.fclose   0x80004ac8       0x10 c:/program files (x86)/atmel/studio/7.0/toolchain/avr32/avr32-gnu-toolchain/bin/../lib/gcc/avr32/4.4.7/../../../../avr32/lib/ucr2\libc.a(lib_a-fclose.o)
                                 0x18 (size before relaxing)
                0x80004ac8                fclose
 .text._lseek_r
                0x80004ad8       0x28 c:/program files (x86)/atmel/studio/7.0/toolchain/avr32/avr32-gnu-toolchain/bin/../lib/gcc/avr32/4.4.7/../../../../avr32/lib/ucr2\libc.a(lib_a-lseekr.o)
                                 0x2c (size before relaxing)
                0x80004ad8                _lseek_r
 .text._read_r  0x80004b00       0x28 c:/program files (x86)/atmel/studio/7.0/toolchain/avr32/avr32-gnu-toolchain/bin/../lib/gcc/avr32/4.4.7/../../../../avr32/lib/ucr2\libc.a(lib_a-readr.o)
                                 0x2c (size before relaxing)
                0x80004b00                _read_r
 *(.text.*personality*)
 *(.gnu.warning)

.exception      0x80004c00      0x200
 .exception     0x80004c00      0x200 src/asf/avr32/drivers/intc/exception.o
                0x80004c00                _evba
                0x80004d3c                ipr_val

.fini
 *(.fini)
                0x80004e00                PROVIDE (__etext, .)
                0x80004e00                PROVIDE (_etext, .)
                0x80004e00                PROVIDE (etext, .)

.rodata         0x80004e00      0x158
 *(.rodata .rodata.* .gnu.linkonce.r.*)
 .rodata._int_handler_table
                0x80004e00       0xf0 src/asf/avr32/drivers/intc/intc.o
 .rodata.str1.4
                0x80004ef0        0x4 c:/program files (x86)/atmel/studio/7.0/toolchain/avr32/avr32-gnu-toolchain/bin/../lib/gcc/avr32/4.4.7/../../../../avr32/lib/ucr2\libc.a(lib_a-impure.o)
 .rodata._global_impure_ptr
                0x80004ef4        0x4 c:/program files (x86)/atmel/studio/7.0/toolchain/avr32/avr32-gnu-toolchain/bin/../lib/gcc/avr32/4.4.7/../../../../avr32/lib/ucr2\libc.a(lib_a-impure.o)
                0x80004ef4                _global_impure_ptr
 .rodata.__sf_fake_stdin
                0x80004ef8       0x20 c:/program files (x86)/atmel/studio/7.0/toolchain/avr32/avr32-gnu-toolchain/bin/../lib/gcc/avr32/4.4.7/../../../../avr32/lib/ucr2\libc.a(lib_a-findfp.o)
                0x80004ef8                __sf_fake_stdin
 .rodata.__sf_fake_stdout
                0x80004f18       0x20 c:/program files (x86)/atmel/studio/7.0/toolchain/avr32/avr32-gnu-toolchain/bin/../lib/gcc/avr32/4.4.7/../../../../avr32/lib/ucr2\libc.a(lib_a-findfp.o)
                0x80004f18                __sf_fake_stdout
 .rodata.__sf_fake_stderr
                0x80004f38       0x20 c:/program files (x86)/atmel/studio/7.0/toolchain/avr32/avr32-gnu-toolchain/bin/../lib/gcc/avr32/4.4.7/../../../../avr32/lib/ucr2\libc.a(lib_a-findfp.o)
                0x80004f38                __sf_fake_stderr

.rodata1
 *(.rodata1)

.eh_frame_hdr
 *(.eh_frame_hdr)

.eh_frame
 *(.eh_frame)

.gcc_except_table
 *(.gcc_except_table)
 *(.gcc_except_table.*)

.lalign         0x80004f58        0x0
                0x80004f58                . = ALIGN (0x8)
                0x80004f58                PROVIDE (_data_lma, .)
                0x00000004                . = ORIGIN (INTRAM)

.dalign         0x00000004        0x4
                0x00000008                . = ALIGN (0x8)
 *fill*         0x00000004        0x4 
                0x00000008                PROVIDE (_data, .)

.eh_frame
 *(.eh_frame)

.gcc_except_table
 *(.gcc_except_table)
 *(.gcc_except_table.*)

.tdata
 *(.tdata .tdata.* .gnu.linkonce.td.*)

.tbss
 *(.tbss .tbss.* .gnu.linkonce.tb.*)
 *(.tcommon)
                0x00000008                PROVIDE (__preinit_array_start, ALIGN (0x4))

.preinit_array
 *(.preinit_array)
                0x00000008                PROVIDE (__preinit_array_end, .)
                0x00000008                PROVIDE (__init_array_start, .)

.init_array
 *(.init_array)
                0x00000008                PROVIDE (__init_array_end, .)
                0x00000008                PROVIDE (__fini_array_start, .)

.fini_array
 *(.fini_array)
                0x00000008                PROVIDE (__fini_array_end, .)

.ctors
 *crtbegin*.o(.ctors)
 *(EXCLUDE_FILE(*crtend*.o) .ctors)
 *(SORT(.ctors.*))
 *(.ctors)

.dtors
 *crtbegin*.o(.dtors)
 *(EXCLUDE_FILE(*crtend*.o) .dtors)
 *(SORT(.dtors.*))
 *(.dtors)

.jcr
 *(.jcr)

.data.rel.ro
 *(.data.rel.ro.local)
 *(.data.rel.ro*)

.dynamic
 *(.dynamic)

.got
 *(.got.plt)
 *(.got)

.ramtext
 *(.ramtext .ramtext.*)

.ddalign        0x00000008        0x0 load address 0x80004f58
                0x00000008                . = ALIGN (0x8)

.data           0x00000008      0x5d0 load address 0x80004f58
 *(.data .data.* .gnu.linkonce.d.*)
 .data.udi_api_cdc_data
                0x00000008       0x14 src/asf/common/services/usb/class/cdc/device/udi_cdc.o
                0x00000008                udi_api_cdc_data
 .data.udi_api_cdc_comm
                0x0000001c       0x14 src/asf/common/services/usb/class/cdc/device/udi_cdc.o
                0x0000001c                udi_api_cdc_comm
 .data.uid_cdc_state_msg
                0x00000030        0xc src/asf/common/services/usb/class/cdc/device/udi_cdc.o
 .data.udc_desc
                0x0000003c       0x44 src/asf/common/services/usb/class/cdc/device/udi_cdc_desc.o
                0x0000003c                udc_desc
 .data.udc_config_fshs
                0x00000080        0x8 src/asf/common/services/usb/class/cdc/device/udi_cdc_desc.o
                0x00000080                udc_config_fshs
 .data.udi_apis
                0x00000088        0x8 src/asf/common/services/usb/class/cdc/device/udi_cdc_desc.o
                0x00000088                udi_apis
 .data.udc_config
                0x00000090        0x8 src/asf/common/services/usb/class/cdc/device/udi_cdc_desc.o
                0x00000090                udc_config
 .data.udc_device_desc
                0x00000098       0x14 src/asf/common/services/usb/class/cdc/device/udi_cdc_desc.o
                0x00000098                udc_device_desc
 .data.udc_string_product_name
                0x000000ac        0x4 src/asf/common/services/usb/udc/udc.o
 .data.udc_string_manufacturer_name
                0x000000b0        0xc src/asf/common/services/usb/udc/udc.o
 .data.udc_string_desc
                0x000000bc       0x14 src/asf/common/services/usb/udc/udc.o
 .data.udc_string_desc_languageid
                0x000000d0        0x4 src/asf/common/services/usb/udc/udc.o
 .data.impure_data
                0x000000d4       0xf0 c:/program files (x86)/atmel/studio/7.0/toolchain/avr32/avr32-gnu-toolchain/bin/../lib/gcc/avr32/4.4.7/../../../../avr32/lib/ucr2\libc.a(lib_a-impure.o)
 .data._impure_ptr
                0x000001c4        0x4 c:/program files (x86)/atmel/studio/7.0/toolchain/avr32/avr32-gnu-toolchain/bin/../lib/gcc/avr32/4.4.7/../../../../avr32/lib/ucr2\libc.a(lib_a-impure.o)
                0x000001c4                _impure_ptr
 .data.__malloc_av_
                0x000001c8      0x408 c:/program files (x86)/atmel/studio/7.0/toolchain/avr32/avr32-gnu-toolchain/bin/../lib/gcc/avr32/4.4.7/../../../../avr32/lib/ucr2\libc.a(lib_a-mallocr.o)
                0x000001c8                __malloc_av_
 .data.__malloc_trim_threshold
                0x000005d0        0x4 c:/program files (x86)/atmel/studio/7.0/toolchain/avr32/avr32-gnu-toolchain/bin/../lib/gcc/avr32/4.4.7/../../../../avr32/lib/ucr2\libc.a(lib_a-mallocr.o)
                0x000005d0                __malloc_trim_threshold
 .data.__malloc_sbrk_base
                0x000005d4        0x4 c:/program files (x86)/atmel/studio/7.0/toolchain/avr32/avr32-gnu-toolchain/bin/../lib/gcc/avr32/4.4.7/../../../../avr32/lib/ucr2\libc.a(lib_a-mallocr.o)
                0x000005d4                __malloc_sbrk_base
 *(.gnu.linkonce.d.*personality*)

.data1
 *(.data1)

.balign         0x000005d8        0x0 load address 0x80005528
                0x000005d8                . = ALIGN (0x8)
                0x000005d8                PROVIDE (_edata, .)
                0x000005d8                PROVIDE (edata, .)
                0x000005d8                __bss_start = .

.bss            0x000005d8      0x6f0
 *(.dynbss)
 *(.bss .bss.* .gnu.linkonce.b.*)
 .bss._int_line_handler_table_0
                0x000005d8        0x4 src/asf/avr32/drivers/intc/intc.o
 .bss._int_line_handler_table_1
                0x000005dc       0x28 src/asf/avr32/drivers/intc/intc.o
 .bss._int_line_handler_table_2
                0x00000604       0x38 src/asf/avr32/drivers/intc/intc.o
 .bss._int_line_handler_table_21
                0x0000063c        0x4 src/asf/avr32/drivers/intc/intc.o
 .bss._int_line_handler_table_22
                0x00000640       0x14 src/asf/avr32/drivers/intc/intc.o
 .bss._int_line_handler_table_23
                0x00000654        0x4 src/asf/avr32/drivers/intc/intc.o
 .bss._int_line_handler_table_16
                0x00000658        0xc src/asf/avr32/drivers/intc/intc.o
 .bss._int_line_handler_table_10
                0x00000664        0x4 src/asf/avr32/drivers/intc/intc.o
 .bss._int_line_handler_table_11
                0x00000668        0x4 src/asf/avr32/drivers/intc/intc.o
 .bss._int_line_handler_table_12
                0x0000066c        0x4 src/asf/avr32/drivers/intc/intc.o
 .bss._int_line_handler_table_13
                0x00000670        0x4 src/asf/avr32/drivers/intc/intc.o
 .bss._int_line_handler_table_14
                0x00000674        0xc src/asf/avr32/drivers/intc/intc.o
 .bss._int_line_handler_table_15
                0x00000680        0x4 src/asf/avr32/drivers/intc/intc.o
 .bss._int_line_handler_table_20
                0x00000684        0x4 src/asf/avr32/drivers/intc/intc.o
 .bss._int_line_handler_table_17
                0x00000688        0x4 src/asf/avr32/drivers/intc/intc.o
 .bss._int_line_handler_table_18
                0x0000068c        0x4 src/asf/avr32/drivers/intc/intc.o
 .bss._int_line_handler_table_19
                0x00000690        0x4 src/asf/avr32/drivers/intc/intc.o
 .bss._int_line_handler_table_3
                0x00000694       0x20 src/asf/avr32/drivers/intc/intc.o
 .bss._int_line_handler_table_4
                0x000006b4        0x4 src/asf/avr32/drivers/intc/intc.o
 .bss._int_line_handler_table_5
                0x000006b8        0x4 src/asf/avr32/drivers/intc/intc.o
 .bss._int_line_handler_table_6
                0x000006bc        0x4 src/asf/avr32/drivers/intc/intc.o
 .bss._int_line_handler_table_7
                0x000006c0        0x4 src/asf/avr32/drivers/intc/intc.o
 .bss._int_line_handler_table_8
                0x000006c4        0x4 src/asf/avr32/drivers/intc/intc.o
 .bss._int_line_handler_table_9
                0x000006c8        0x4 src/asf/avr32/drivers/intc/intc.o
 .bss._int_line_handler_table_24
                0x000006cc        0x4 src/asf/avr32/drivers/intc/intc.o
 .bss._int_line_handler_table_26
                0x000006d0        0x4 src/asf/avr32/drivers/intc/intc.o
 .bss._int_line_handler_table_25
                0x000006d4        0x4 src/asf/avr32/drivers/intc/intc.o
 .bss._int_line_handler_table_27
                0x000006d8        0x4 src/asf/avr32/drivers/intc/intc.o
 .bss._int_line_handler_table_28
                0x000006dc        0x4 src/asf/avr32/drivers/intc/intc.o
 .bss._int_line_handler_table_29
                0x000006e0        0x4 src/asf/avr32/drivers/intc/intc.o
 .bss.udd_ctrl_prev_payload_nb_trans
                0x000006e4        0x2 src/asf/avr32/drivers/usbb/usbb_device.o
 *fill*         0x000006e6        0x2 
 .bss.udd_ep_job
                0x000006e8       0x30 src/asf/avr32/drivers/usbb/usbb_device.o
 .bss.udd_b_idle
                0x00000718        0x1 src/asf/avr32/drivers/usbb/usbb_device.o
 *fill*         0x00000719        0x1 
 .bss.udd_ctrl_payload_nb_trans
                0x0000071a        0x2 src/asf/avr32/drivers/usbb/usbb_device.o
 .bss.udd_ep_control_state
                0x0000071c        0x4 src/asf/avr32/drivers/usbb/usbb_device.o
 .bss.udd_ctrl_payload_need_in_zlp
                0x00000720        0x1 src/asf/avr32/drivers/usbb/usbb_device.o
 *fill*         0x00000721        0x3 
 .bss.sysclk_bus_refcount
                0x00000724        0x4 src/asf/common/services/clock/uc3a3_a4/sysclk.o
 .bss.udi_cdc_line_coding
                0x00000728        0x7 src/asf/common/services/usb/class/cdc/device/udi_cdc.o
 .bss.udi_cdc_tx_buf_sel
                0x0000072f        0x1 src/asf/common/services/usb/class/cdc/device/udi_cdc.o
 .bss.udi_cdc_tx_buf_nb
                0x00000730        0x4 src/asf/common/services/usb/class/cdc/device/udi_cdc.o
 .bss.udi_cdc_tx_buf
                0x00000734      0x280 src/asf/common/services/usb/class/cdc/device/udi_cdc.o
 .bss.udi_cdc_rx_buf_nb
                0x000009b4        0x4 src/asf/common/services/usb/class/cdc/device/udi_cdc.o
 .bss.udi_cdc_rx_pos
                0x000009b8        0x2 src/asf/common/services/usb/class/cdc/device/udi_cdc.o
 .bss.udi_cdc_tx_sof_num
                0x000009ba        0x2 src/asf/common/services/usb/class/cdc/device/udi_cdc.o
 .bss.udi_cdc_rx_buf_sel
                0x000009bc        0x1 src/asf/common/services/usb/class/cdc/device/udi_cdc.o
 .bss.udi_cdc_running
                0x000009bd        0x1 src/asf/common/services/usb/class/cdc/device/udi_cdc.o
 .bss.udi_cdc_tx_trans_ongoing
                0x000009be        0x1 src/asf/common/services/usb/class/cdc/device/udi_cdc.o
 *fill*         0x000009bf        0x1 
 .bss.udi_cdc_rx_buf
                0x000009c0      0x280 src/asf/common/services/usb/class/cdc/device/udi_cdc.o
 .bss.udi_cdc_rx_trans_ongoing
                0x00000c40        0x1 src/asf/common/services/usb/class/cdc/device/udi_cdc.o
 .bss.udi_cdc_tx_both_buf_to_send
                0x00000c41        0x1 src/asf/common/services/usb/class/cdc/device/udi_cdc.o
 .bss.udi_cdc_state
                0x00000c42        0x2 src/asf/common/services/usb/class/cdc/device/udi_cdc.o
 .bss.udc_ep_status.14047
                0x00000c44        0x2 src/asf/common/services/usb/udc/udc.o
 *fill*         0x00000c46        0x2 
 .bss.udc_ptr_conf
                0x00000c48        0x4 src/asf/common/services/usb/udc/udc.o
 .bss.udc_iface_setting.14258
                0x00000c4c        0x1 src/asf/common/services/usb/udc/udc.o
 *fill*         0x00000c4d        0x1 
 .bss.udc_device_status
                0x00000c4e        0x2 src/asf/common/services/usb/udc/udc.o
 .bss.udc_num_configuration
                0x00000c50        0x1 src/asf/common/services/usb/udc/udc.o
 *fill*         0x00000c51        0x3 
 .bss.udc_ptr_iface
                0x00000c54        0x4 src/asf/common/services/usb/udc/udc.o
 .bss.stdio_usb_interface_enable
                0x00000c58        0x1 src/asf/common/utils/stdio/stdio_usb/stdio_usb.o
 *fill*         0x00000c59        0x3 
 .bss.s_fcpu_hz
                0x00000c5c        0x4 src/busy_delay.o
 .bss.__malloc_max_total_mem
                0x00000c60        0x4 c:/program files (x86)/atmel/studio/7.0/toolchain/avr32/avr32-gnu-toolchain/bin/../lib/gcc/avr32/4.4.7/../../../../avr32/lib/ucr2\libc.a(lib_a-mallocr.o)
                0x00000c60                __malloc_max_total_mem
 .bss.__malloc_max_sbrked_mem
                0x00000c64        0x4 c:/program files (x86)/atmel/studio/7.0/toolchain/avr32/avr32-gnu-toolchain/bin/../lib/gcc/avr32/4.4.7/../../../../avr32/lib/ucr2\libc.a(lib_a-mallocr.o)
                0x00000c64                __malloc_max_sbrked_mem
 .bss.__malloc_top_pad
                0x00000c68        0x4 c:/program files (x86)/atmel/studio/7.0/toolchain/avr32/avr32-gnu-toolchain/bin/../lib/gcc/avr32/4.4.7/../../../../avr32/lib/ucr2\libc.a(lib_a-mallocr.o)
                0x00000c68                __malloc_top_pad
 .bss.__malloc_current_mallinfo
                0x00000c6c       0x28 c:/program files (x86)/atmel/studio/7.0/toolchain/avr32/avr32-gnu-toolchain/bin/../lib/gcc/avr32/4.4.7/../../../../avr32/lib/ucr2\libc.a(lib_a-mallocr.o)
                0x00000c6c                __malloc_current_mallinfo
 .bss.cur_heap_pos.1869
                0x00000c94        0x4 c:/program files (x86)/atmel/studio/7.0/toolchain/avr32/avr32-gnu-toolchain/bin/../lib/gcc/avr32/4.4.7/../../../../avr32/lib/ucr2\libc.a(lib_a-syscalls.o)
 *(COMMON)
 COMMON         0x00000c98       0x18 src/asf/avr32/drivers/usbb/usbb_device.o
                0x00000c98                udd_g_ctrlreq
 COMMON         0x00000cb0        0x7 src/asf/common/services/sleepmgr/uc3/sleepmgr.o
                0x00000cb0                sleepmgr_locks
 *fill*         0x00000cb7        0x1 
 COMMON         0x00000cb8        0x4 src/asf/common/utils/stdio/read.o
                0x00000cb8                ptr_get
 COMMON         0x00000cbc        0x8 src/asf/common/utils/stdio/write.o
                0x00000cbc                ptr_put
                0x00000cc0                stdio_base
 COMMON         0x00000cc4        0x4 c:/program files (x86)/atmel/studio/7.0/toolchain/avr32/avr32-gnu-toolchain/bin/../lib/gcc/avr32/4.4.7/../../../../avr32/lib/ucr2\libc.a(lib_a-reent.o)
                0x00000cc4                errno
                0x00000cc8                . = ALIGN (0x8)
                0x00000cc8                . = ALIGN (0x8)
                0x00000cc8                _end = .
                0x00000cc8                PROVIDE (end, .)
                0x00000cc8                __heap_start__ = ALIGN (0x8)

.heap           0x00000cc8     0xe338
 *(.heap)
                0x0000e338                . = (__heap_size__ == __max_heap_size__)?(((ORIGIN (INTRAM) + 0xfffc) - __stack_size__) - ABSOLUTE (.)):__heap_size__
 *fill*         0x00000cc8     0xe338 
                0x0000f000                __heap_end__ = .

.stab
 *(.stab)

.stabstr
 *(.stabstr)

.stab.excl
 *(.stab.excl)

.stab.exclstr
 *(.stab.exclstr)

.stab.index
 *(.stab.index)

.stab.indexstr
 *(.stab.indexstr)

.comment        0x00000000       0x30
 *(.comment)
 .comment       0x00000000       0x30 src/asf/avr32/boards/uc3_a3_xplained/init.o
                                 0x31 (size before relaxing)
 .comment       0x00000000       0x31 src/asf/avr32/drivers/flashc/flashc.o
 .comment       0x00000000       0x31 src/asf/avr32/drivers/gpio/gpio.o
 .comment       0x00000000       0x31 src/asf/avr32/drivers/intc/intc.o
 .comment       0x00000000       0x31 src/asf/avr32/drivers/usbb/usbb_device.o
 .comment       0x00000000       0x31 src/asf/common/services/clock/uc3a3_a4/sysclk.o
 .comment       0x00000000       0x31 src/asf/common/services/sleepmgr/uc3/sleepmgr.o
 .comment       0x00000000       0x31 src/asf/common/services/usb/class/cdc/device/udi_cdc.o
 .comment       0x00000000       0x31 src/asf/common/services/usb/class/cdc/device/udi_cdc_desc.o
 .comment       0x00000000       0x31 src/asf/common/services/usb/udc/udc.o
 .comment       0x00000000       0x31 src/asf/common/utils/stdio/read.o
 .comment       0x00000000       0x31 src/asf/common/utils/stdio/stdio_usb/stdio_usb.o
 .comment       0x00000000       0x31 src/asf/common/utils/stdio/write.o
 .comment       0x00000000       0x31 src/busy_delay.o
 .comment       0x00000000       0x31 src/main.o
 .comment       0x00000000       0x31 c:/program files (x86)/atmel/studio/7.0/toolchain/avr32/avr32-gnu-toolchain/bin/../lib/gcc/avr32/4.4.7/ucr2\libgcc.a(_udivdi3.o)
 .comment       0x00000000       0x31 c:/program files (x86)/atmel/studio/7.0/toolchain/avr32/avr32-gnu-toolchain/bin/../lib/gcc/avr32/4.4.7/../../../../avr32/lib/ucr2\libc.a(lib_a-impure.o)
 .comment       0x00000000       0x31 c:/program files (x86)/atmel/studio/7.0/toolchain/avr32/avr32-gnu-toolchain/bin/../lib/gcc/avr32/4.4.7/../../../../avr32/lib/ucr2\libc.a(lib_a-setbuf.o)
 .comment       0x00000000       0x31 c:/program files (x86)/atmel/studio/7.0/toolchain/avr32/avr32-gnu-toolchain/bin/../lib/gcc/avr32/4.4.7/../../../../avr32/lib/ucr2\libc.a(lib_a-setvbuf.o)
 .comment       0x00000000       0x31 c:/program files (x86)/atmel/studio/7.0/toolchain/avr32/avr32-gnu-toolchain/bin/../lib/gcc/avr32/4.4.7/../../../../avr32/lib/ucr2\libc.a(lib_a-fflush.o)
 .comment       0x00000000       0x31 c:/program files (x86)/atmel/studio/7.0/toolchain/avr32/avr32-gnu-toolchain/bin/../lib/gcc/avr32/4.4.7/../../../../avr32/lib/ucr2\libc.a(lib_a-findfp.o)
 .comment       0x00000000       0x31 c:/program files (x86)/atmel/studio/7.0/toolchain/avr32/avr32-gnu-toolchain/bin/../lib/gcc/avr32/4.4.7/../../../../avr32/lib/ucr2\libc.a(lib_a-freer.o)
 .comment       0x00000000       0x31 c:/program files (x86)/atmel/studio/7.0/toolchain/avr32/avr32-gnu-toolchain/bin/../lib/gcc/avr32/4.4.7/../../../../avr32/lib/ucr2\libc.a(lib_a-fwalk.o)
 .comment       0x00000000       0x31 c:/program files (x86)/atmel/studio/7.0/toolchain/avr32/avr32-gnu-toolchain/bin/../lib/gcc/avr32/4.4.7/../../../../avr32/lib/ucr2\libc.a(lib_a-malloc.o)
 .comment       0x00000000       0x31 c:/program files (x86)/atmel/studio/7.0/toolchain/avr32/avr32-gnu-toolchain/bin/../lib/gcc/avr32/4.4.7/../../../../avr32/lib/ucr2\libc.a(lib_a-mallocr.o)
 .comment       0x00000000       0x31 c:/program files (x86)/atmel/studio/7.0/toolchain/avr32/avr32-gnu-toolchain/bin/../lib/gcc/avr32/4.4.7/../../../../avr32/lib/ucr2\libc.a(lib_a-memset.o)
 .comment       0x00000000       0x31 c:/program files (x86)/atmel/studio/7.0/toolchain/avr32/avr32-gnu-toolchain/bin/../lib/gcc/avr32/4.4.7/../../../../avr32/lib/ucr2\libc.a(lib_a-mlock.o)
 .comment       0x00000000       0x31 c:/program files (x86)/atmel/studio/7.0/toolchain/avr32/avr32-gnu-toolchain/bin/../lib/gcc/avr32/4.4.7/../../../../avr32/lib/ucr2\libc.a(lib_a-sbrkr.o)
 .comment       0x00000000       0x31 c:/program files (x86)/atmel/studio/7.0/toolchain/avr32/avr32-gnu-toolchain/bin/../lib/gcc/avr32/4.4.7/../../../../avr32/lib/ucr2\libc.a(lib_a-stdio.o)
 .comment       0x00000000       0x31 c:/program files (x86)/atmel/studio/7.0/toolchain/avr32/avr32-gnu-toolchain/bin/../lib/gcc/avr32/4.4.7/../../../../avr32/lib/ucr2\libc.a(lib_a-syscalls.o)
 .comment       0x00000000       0x31 c:/program files (x86)/atmel/studio/7.0/toolchain/avr32/avr32-gnu-toolchain/bin/../lib/gcc/avr32/4.4.7/../../../../avr32/lib/ucr2\libc.a(lib_a-writer.o)
 .comment       0x00000000       0x31 c:/program files (x86)/atmel/studio/7.0/toolchain/avr32/avr32-gnu-toolchain/bin/../lib/gcc/avr32/4.4.7/../../../../avr32/lib/ucr2\libc.a(lib_a-closer.o)
 .comment       0x00000000       0x31 c:/program files (x86)/atmel/studio/7.0/toolchain/avr32/avr32-gnu-toolchain/bin/../lib/gcc/avr32/4.4.7/../../../../avr32/lib/ucr2\libc.a(lib_a-errno.o)
 .comment       0x00000000       0x31 c:/program files (x86)/atmel/studio/7.0/toolchain/avr32/avr32-gnu-toolchain/bin/../lib/gcc/avr32/4.4.7/../../../../avr32/lib/ucr2\libc.a(lib_a-fclose.o)
 .comment       0x00000000       0x31 c:/program files (x86)/atmel/studio/7.0/toolchain/avr32/avr32-gnu-toolchain/bin/../lib/gcc/avr32/4.4.7/../../../../avr32/lib/ucr2\libc.a(lib_a-lseekr.o)
 .comment       0x00000000       0x31 c:/program files (x86)/atmel/studio/7.0/toolchain/avr32/avr32-gnu-toolchain/bin/../lib/gcc/avr32/4.4.7/../../../../avr32/lib/ucr2\libc.a(lib_a-readr.o)
 .comment       0x00000000       0x31 c:/program files (x86)/atmel/studio/7.0/toolchain/avr32/avr32-gnu-toolchain/bin/../lib/gcc/avr32/4.4.7/../../../../avr32/lib/ucr2\libc.a(lib_a-reent.o)

.debug
 *(.debug)

.line
 *(.line)

.debug_srcinfo
 *(.debug_srcinfo)

.debug_sfnames
 *(.debug_sfnames)

.debug_aranges  0x00000000      0xb08
 *(.debug_aranges)
 .debug_aranges
                0x00000000       0x20 src/asf/avr32/boards/uc3_a3_xplained/init.o
 .debug_aranges
                0x00000020      0x218 src/asf/avr32/drivers/flashc/flashc.o
 .debug_aranges
                0x00000238      0x100 src/asf/avr32/drivers/gpio/gpio.o
 .debug_aranges
                0x00000338       0x38 src/asf/avr32/drivers/intc/intc.o
 .debug_aranges
                0x00000370       0xe8 src/asf/avr32/drivers/usbb/usbb_device.o
 .debug_aranges
                0x00000458       0x50 src/asf/common/services/clock/uc3a3_a4/sysclk.o
 .debug_aranges
                0x000004a8       0xe8 src/asf/common/services/usb/class/cdc/device/udi_cdc.o
 .debug_aranges
                0x00000590       0x58 src/asf/common/services/usb/udc/udc.o
 .debug_aranges
                0x000005e8       0x20 src/asf/common/utils/stdio/read.o
 .debug_aranges
                0x00000608       0x48 src/asf/common/utils/stdio/stdio_usb/stdio_usb.o
 .debug_aranges
                0x00000650       0x20 src/asf/common/utils/stdio/write.o
 .debug_aranges
                0x00000670       0x30 src/busy_delay.o
 .debug_aranges
                0x000006a0       0x38 src/main.o
 .debug_aranges
                0x000006d8       0x20 c:/program files (x86)/atmel/studio/7.0/toolchain/avr32/avr32-gnu-toolchain/bin/../lib/gcc/avr32/4.4.7/ucr2\libgcc.a(_udivdi3.o)
 .debug_aranges
                0x000006f8       0x20 c:/program files (x86)/atmel/studio/7.0/toolchain/avr32/avr32-gnu-toolchain/bin/../lib/gcc/avr32/4.4.7/../../../../avr32/lib/ucr2\libc.a(lib_a-setbuf.o)
 .debug_aranges
                0x00000718       0x20 c:/program files (x86)/atmel/studio/7.0/toolchain/avr32/avr32-gnu-toolchain/bin/../lib/gcc/avr32/4.4.7/../../../../avr32/lib/ucr2\libc.a(lib_a-setvbuf.o)
 .debug_aranges
                0x00000738       0x28 c:/program files (x86)/atmel/studio/7.0/toolchain/avr32/avr32-gnu-toolchain/bin/../lib/gcc/avr32/4.4.7/../../../../avr32/lib/ucr2\libc.a(lib_a-fflush.o)
 .debug_aranges
                0x00000760       0x80 c:/program files (x86)/atmel/studio/7.0/toolchain/avr32/avr32-gnu-toolchain/bin/../lib/gcc/avr32/4.4.7/../../../../avr32/lib/ucr2\libc.a(lib_a-findfp.o)
 .debug_aranges
                0x000007e0       0x28 c:/program files (x86)/atmel/studio/7.0/toolchain/avr32/avr32-gnu-toolchain/bin/../lib/gcc/avr32/4.4.7/../../../../avr32/lib/ucr2\libc.a(lib_a-freer.o)
 .debug_aranges
                0x00000808       0x28 c:/program files (x86)/atmel/studio/7.0/toolchain/avr32/avr32-gnu-toolchain/bin/../lib/gcc/avr32/4.4.7/../../../../avr32/lib/ucr2\libc.a(lib_a-fwalk.o)
 .debug_aranges
                0x00000830       0x28 c:/program files (x86)/atmel/studio/7.0/toolchain/avr32/avr32-gnu-toolchain/bin/../lib/gcc/avr32/4.4.7/../../../../avr32/lib/ucr2\libc.a(lib_a-malloc.o)
 .debug_aranges
                0x00000858       0x20 c:/program files (x86)/atmel/studio/7.0/toolchain/avr32/avr32-gnu-toolchain/bin/../lib/gcc/avr32/4.4.7/../../../../avr32/lib/ucr2\libc.a(lib_a-mallocr.o)
 .debug_aranges
                0x00000878       0x20 c:/program files (x86)/atmel/studio/7.0/toolchain/avr32/avr32-gnu-toolchain/bin/../lib/gcc/avr32/4.4.7/../../../../avr32/lib/ucr2\libc.a(lib_a-memset.o)
 .debug_aranges
                0x00000898       0x28 c:/program files (x86)/atmel/studio/7.0/toolchain/avr32/avr32-gnu-toolchain/bin/../lib/gcc/avr32/4.4.7/../../../../avr32/lib/ucr2\libc.a(lib_a-mlock.o)
 .debug_aranges
                0x000008c0       0x20 c:/program files (x86)/atmel/studio/7.0/toolchain/avr32/avr32-gnu-toolchain/bin/../lib/gcc/avr32/4.4.7/../../../../avr32/lib/ucr2\libc.a(lib_a-sbrkr.o)
 .debug_aranges
                0x000008e0       0x38 c:/program files (x86)/atmel/studio/7.0/toolchain/avr32/avr32-gnu-toolchain/bin/../lib/gcc/avr32/4.4.7/../../../../avr32/lib/ucr2\libc.a(lib_a-stdio.o)
 .debug_aranges
                0x00000918       0xf8 c:/program files (x86)/atmel/studio/7.0/toolchain/avr32/avr32-gnu-toolchain/bin/../lib/gcc/avr32/4.4.7/../../../../avr32/lib/ucr2\libc.a(lib_a-syscalls.o)
 .debug_aranges
                0x00000a10       0x20 c:/program files (x86)/atmel/studio/7.0/toolchain/avr32/avr32-gnu-toolchain/bin/../lib/gcc/avr32/4.4.7/../../../../avr32/lib/ucr2\libc.a(lib_a-writer.o)
 .debug_aranges
                0x00000a30       0x20 c:/program files (x86)/atmel/studio/7.0/toolchain/avr32/avr32-gnu-toolchain/bin/../lib/gcc/avr32/4.4.7/../../../../avr32/lib/ucr2\libc.a(lib_a-closer.o)
 .debug_aranges
                0x00000a50       0x20 c:/program files (x86)/atmel/studio/7.0/toolchain/avr32/avr32-gnu-toolchain/bin/../lib/gcc/avr32/4.4.7/../../../../avr32/lib/ucr2\libc.a(lib_a-errno.o)
 .debug_aranges
                0x00000a70       0x28 c:/program files (x86)/atmel/studio/7.0/toolchain/avr32/avr32-gnu-toolchain/bin/../lib/gcc/avr32/4.4.7/../../../../avr32/lib/ucr2\libc.a(lib_a-fclose.o)
 .debug_aranges
                0x00000a98       0x20 c:/program files (x86)/atmel/studio/7.0/toolchain/avr32/avr32-gnu-toolchain/bin/../lib/gcc/avr32/4.4.7/../../../../avr32/lib/ucr2\libc.a(lib_a-lseekr.o)
 .debug_aranges
                0x00000ab8       0x20 c:/program files (x86)/atmel/studio/7.0/toolchain/avr32/avr32-gnu-toolchain/bin/../lib/gcc/avr32/4.4.7/../../../../avr32/lib/ucr2\libc.a(lib_a-readr.o)
 .debug_aranges
                0x00000ad8       0x30 c:/program files (x86)/atmel/studio/7.0/toolchain/avr32/avr32-gnu-toolchain/bin/../lib/gcc/avr32/4.4.7/../../../../avr32/lib/ucr2\libc.a(lib_a-reent.o)

.debug_pubnames
                0x00000000     0x190e
 *(.debug_pubnames)
 .debug_pubnames
                0x00000000       0x21 src/asf/avr32/boards/uc3_a3_xplained/init.o
 .debug_pubnames
                0x00000021      0x771 src/asf/avr32/drivers/flashc/flashc.o
 .debug_pubnames
                0x00000792      0x330 src/asf/avr32/drivers/gpio/gpio.o
 .debug_pubnames
                0x00000ac2       0x62 src/asf/avr32/drivers/intc/intc.o
 .debug_pubnames
                0x00000b24      0x1c1 src/asf/avr32/drivers/usbb/usbb_device.o
 .debug_pubnames
                0x00000ce5       0xc7 src/asf/common/services/clock/uc3a3_a4/sysclk.o
 .debug_pubnames
                0x00000dac       0x25 src/asf/common/services/sleepmgr/uc3/sleepmgr.o
 .debug_pubnames
                0x00000dd1      0x283 src/asf/common/services/usb/class/cdc/device/udi_cdc.o
 .debug_pubnames
                0x00001054       0x63 src/asf/common/services/usb/class/cdc/device/udi_cdc_desc.o
 .debug_pubnames
                0x000010b7       0x64 src/asf/common/services/usb/udc/udc.o
 .debug_pubnames
                0x0000111b       0x28 src/asf/common/utils/stdio/read.o
 .debug_pubnames
                0x00001143       0x95 src/asf/common/utils/stdio/stdio_usb/stdio_usb.o
 .debug_pubnames
                0x000011d8       0x38 src/asf/common/utils/stdio/write.o
 .debug_pubnames
                0x00001210       0x4a src/busy_delay.o
 .debug_pubnames
                0x0000125a       0x4b src/main.o
 .debug_pubnames
                0x000012a5       0x20 c:/program files (x86)/atmel/studio/7.0/toolchain/avr32/avr32-gnu-toolchain/bin/../lib/gcc/avr32/4.4.7/ucr2\libgcc.a(_udivdi3.o)
 .debug_pubnames
                0x000012c5       0x39 c:/program files (x86)/atmel/studio/7.0/toolchain/avr32/avr32-gnu-toolchain/bin/../lib/gcc/avr32/4.4.7/../../../../avr32/lib/ucr2\libc.a(lib_a-impure.o)
 .debug_pubnames
                0x000012fe       0x1d c:/program files (x86)/atmel/studio/7.0/toolchain/avr32/avr32-gnu-toolchain/bin/../lib/gcc/avr32/4.4.7/../../../../avr32/lib/ucr2\libc.a(lib_a-setbuf.o)
 .debug_pubnames
                0x0000131b       0x1e c:/program files (x86)/atmel/studio/7.0/toolchain/avr32/avr32-gnu-toolchain/bin/../lib/gcc/avr32/4.4.7/../../../../avr32/lib/ucr2\libc.a(lib_a-setvbuf.o)
 .debug_pubnames
                0x00001339       0x2b c:/program files (x86)/atmel/studio/7.0/toolchain/avr32/avr32-gnu-toolchain/bin/../lib/gcc/avr32/4.4.7/../../../../avr32/lib/ucr2\libc.a(lib_a-fflush.o)
 .debug_pubnames
                0x00001364      0x119 c:/program files (x86)/atmel/studio/7.0/toolchain/avr32/avr32-gnu-toolchain/bin/../lib/gcc/avr32/4.4.7/../../../../avr32/lib/ucr2\libc.a(lib_a-findfp.o)
 .debug_pubnames
                0x0000147d       0x31 c:/program files (x86)/atmel/studio/7.0/toolchain/avr32/avr32-gnu-toolchain/bin/../lib/gcc/avr32/4.4.7/../../../../avr32/lib/ucr2\libc.a(lib_a-freer.o)
 .debug_pubnames
                0x000014ae       0x2e c:/program files (x86)/atmel/studio/7.0/toolchain/avr32/avr32-gnu-toolchain/bin/../lib/gcc/avr32/4.4.7/../../../../avr32/lib/ucr2\libc.a(lib_a-fwalk.o)
 .debug_pubnames
                0x000014dc       0x26 c:/program files (x86)/atmel/studio/7.0/toolchain/avr32/avr32-gnu-toolchain/bin/../lib/gcc/avr32/4.4.7/../../../../avr32/lib/ucr2\libc.a(lib_a-malloc.o)
 .debug_pubnames
                0x00001502       0xce c:/program files (x86)/atmel/studio/7.0/toolchain/avr32/avr32-gnu-toolchain/bin/../lib/gcc/avr32/4.4.7/../../../../avr32/lib/ucr2\libc.a(lib_a-mallocr.o)
 .debug_pubnames
                0x000015d0       0x1d c:/program files (x86)/atmel/studio/7.0/toolchain/avr32/avr32-gnu-toolchain/bin/../lib/gcc/avr32/4.4.7/../../../../avr32/lib/ucr2\libc.a(lib_a-memset.o)
 .debug_pubnames
                0x000015ed       0x38 c:/program files (x86)/atmel/studio/7.0/toolchain/avr32/avr32-gnu-toolchain/bin/../lib/gcc/avr32/4.4.7/../../../../avr32/lib/ucr2\libc.a(lib_a-mlock.o)
 .debug_pubnames
                0x00001625       0x1e c:/program files (x86)/atmel/studio/7.0/toolchain/avr32/avr32-gnu-toolchain/bin/../lib/gcc/avr32/4.4.7/../../../../avr32/lib/ucr2\libc.a(lib_a-sbrkr.o)
 .debug_pubnames
                0x00001643       0x44 c:/program files (x86)/atmel/studio/7.0/toolchain/avr32/avr32-gnu-toolchain/bin/../lib/gcc/avr32/4.4.7/../../../../avr32/lib/ucr2\libc.a(lib_a-stdio.o)
 .debug_pubnames
                0x00001687      0x171 c:/program files (x86)/atmel/studio/7.0/toolchain/avr32/avr32-gnu-toolchain/bin/../lib/gcc/avr32/4.4.7/../../../../avr32/lib/ucr2\libc.a(lib_a-syscalls.o)
 .debug_pubnames
                0x000017f8       0x1f c:/program files (x86)/atmel/studio/7.0/toolchain/avr32/avr32-gnu-toolchain/bin/../lib/gcc/avr32/4.4.7/../../../../avr32/lib/ucr2\libc.a(lib_a-writer.o)
 .debug_pubnames
                0x00001817       0x1f c:/program files (x86)/atmel/studio/7.0/toolchain/avr32/avr32-gnu-toolchain/bin/../lib/gcc/avr32/4.4.7/../../../../avr32/lib/ucr2\libc.a(lib_a-closer.o)
 .debug_pubnames
                0x00001836       0x1e c:/program files (x86)/atmel/studio/7.0/toolchain/avr32/avr32-gnu-toolchain/bin/../lib/gcc/avr32/4.4.7/../../../../avr32/lib/ucr2\libc.a(lib_a-errno.o)
 .debug_pubnames
                0x00001854       0x2b c:/program files (x86)/atmel/studio/7.0/toolchain/avr32/avr32-gnu-toolchain/bin/../lib/gcc/avr32/4.4.7/../../../../avr32/lib/ucr2\libc.a(lib_a-fclose.o)
 .debug_pubnames
                0x0000187f       0x1f c:/program files (x86)/atmel/studio/7.0/toolchain/avr32/avr32-gnu-toolchain/bin/../lib/gcc/avr32/4.4.7/../../../../avr32/lib/ucr2\libc.a(lib_a-lseekr.o)
 .debug_pubnames
                0x0000189e       0x1e c:/program files (x86)/atmel/studio/7.0/toolchain/avr32/avr32-gnu-toolchain/bin/../lib/gcc/avr32/4.4.7/../../../../avr32/lib/ucr2\libc.a(lib_a-readr.o)
 .debug_pubnames
                0x000018bc       0x52 c:/program files (x86)/atmel/studio/7.0/toolchain/avr32/avr32-gnu-toolchain/bin/../lib/gcc/avr32/4.4.7/../../../../avr32/lib/ucr2\libc.a(lib_a-reent.o)

.debug_info     0x00000000    0x22d46
 *(.debug_info .gnu.linkonce.wi.*)
 .debug_info    0x00000000       0xa8 src/asf/avr32/boards/uc3_a3_xplained/init.o
 .debug_info    0x000000a8     0x2148 src/asf/avr32/drivers/flashc/flashc.o
 .debug_info    0x000021f0      0xb50 src/asf/avr32/drivers/gpio/gpio.o
 .debug_info    0x00002d40      0x68b src/asf/avr32/drivers/intc/intc.o
 .debug_info    0x000033cb     0xd6e1 src/asf/avr32/drivers/usbb/usbb_device.o
 .debug_info    0x00010aac     0x1623 src/asf/common/services/clock/uc3a3_a4/sysclk.o
 .debug_info    0x000120cf       0xf9 src/asf/common/services/sleepmgr/uc3/sleepmgr.o
 .debug_info    0x000121c8      0xb9e src/asf/common/services/usb/class/cdc/device/udi_cdc.o
 .debug_info    0x00012d66      0x763 src/asf/common/services/usb/class/cdc/device/udi_cdc_desc.o
 .debug_info    0x000134c9      0xd15 src/asf/common/services/usb/udc/udc.o
 .debug_info    0x000141de      0x151 src/asf/common/utils/stdio/read.o
 .debug_info    0x0001432f      0x263 src/asf/common/utils/stdio/stdio_usb/stdio_usb.o
 .debug_info    0x00014592      0x13c src/asf/common/utils/stdio/write.o
 .debug_info    0x000146ce      0x382 src/busy_delay.o
 .debug_info    0x00014a50     0x1ae0 src/main.o
 .debug_info    0x00016530      0x57b c:/program files (x86)/atmel/studio/7.0/toolchain/avr32/avr32-gnu-toolchain/bin/../lib/gcc/avr32/4.4.7/ucr2\libgcc.a(_udivdi3.o)
 .debug_info    0x00016aab      0x960 c:/program files (x86)/atmel/studio/7.0/toolchain/avr32/avr32-gnu-toolchain/bin/../lib/gcc/avr32/4.4.7/../../../../avr32/lib/ucr2\libc.a(lib_a-impure.o)
 .debug_info    0x0001740b      0x8c3 c:/program files (x86)/atmel/studio/7.0/toolchain/avr32/avr32-gnu-toolchain/bin/../lib/gcc/avr32/4.4.7/../../../../avr32/lib/ucr2\libc.a(lib_a-setbuf.o)
 .debug_info    0x00017cce      0x9c5 c:/program files (x86)/atmel/studio/7.0/toolchain/avr32/avr32-gnu-toolchain/bin/../lib/gcc/avr32/4.4.7/../../../../avr32/lib/ucr2\libc.a(lib_a-setvbuf.o)
 .debug_info    0x00018693      0xa22 c:/program files (x86)/atmel/studio/7.0/toolchain/avr32/avr32-gnu-toolchain/bin/../lib/gcc/avr32/4.4.7/../../../../avr32/lib/ucr2\libc.a(lib_a-fflush.o)
 .debug_info    0x000190b5      0xc2a c:/program files (x86)/atmel/studio/7.0/toolchain/avr32/avr32-gnu-toolchain/bin/../lib/gcc/avr32/4.4.7/../../../../avr32/lib/ucr2\libc.a(lib_a-findfp.o)
 .debug_info    0x00019cdf      0xb3d c:/program files (x86)/atmel/studio/7.0/toolchain/avr32/avr32-gnu-toolchain/bin/../lib/gcc/avr32/4.4.7/../../../../avr32/lib/ucr2\libc.a(lib_a-freer.o)
 .debug_info    0x0001a81c      0xa61 c:/program files (x86)/atmel/studio/7.0/toolchain/avr32/avr32-gnu-toolchain/bin/../lib/gcc/avr32/4.4.7/../../../../avr32/lib/ucr2\libc.a(lib_a-fwalk.o)
 .debug_info    0x0001b27d      0x8ea c:/program files (x86)/atmel/studio/7.0/toolchain/avr32/avr32-gnu-toolchain/bin/../lib/gcc/avr32/4.4.7/../../../../avr32/lib/ucr2\libc.a(lib_a-malloc.o)
 .debug_info    0x0001bb67      0xc4e c:/program files (x86)/atmel/studio/7.0/toolchain/avr32/avr32-gnu-toolchain/bin/../lib/gcc/avr32/4.4.7/../../../../avr32/lib/ucr2\libc.a(lib_a-mallocr.o)
 .debug_info    0x0001c7b5       0xcd c:/program files (x86)/atmel/studio/7.0/toolchain/avr32/avr32-gnu-toolchain/bin/../lib/gcc/avr32/4.4.7/../../../../avr32/lib/ucr2\libc.a(lib_a-memset.o)
 .debug_info    0x0001c882      0x8cf c:/program files (x86)/atmel/studio/7.0/toolchain/avr32/avr32-gnu-toolchain/bin/../lib/gcc/avr32/4.4.7/../../../../avr32/lib/ucr2\libc.a(lib_a-mlock.o)
 .debug_info    0x0001d151      0x8de c:/program files (x86)/atmel/studio/7.0/toolchain/avr32/avr32-gnu-toolchain/bin/../lib/gcc/avr32/4.4.7/../../../../avr32/lib/ucr2\libc.a(lib_a-sbrkr.o)
 .debug_info    0x0001da2f      0xa28 c:/program files (x86)/atmel/studio/7.0/toolchain/avr32/avr32-gnu-toolchain/bin/../lib/gcc/avr32/4.4.7/../../../../avr32/lib/ucr2\libc.a(lib_a-stdio.o)
 .debug_info    0x0001e457      0x93a c:/program files (x86)/atmel/studio/7.0/toolchain/avr32/avr32-gnu-toolchain/bin/../lib/gcc/avr32/4.4.7/../../../../avr32/lib/ucr2\libc.a(lib_a-syscalls.o)
 .debug_info    0x0001ed91      0x90d c:/program files (x86)/atmel/studio/7.0/toolchain/avr32/avr32-gnu-toolchain/bin/../lib/gcc/avr32/4.4.7/../../../../avr32/lib/ucr2\libc.a(lib_a-writer.o)
 .debug_info    0x0001f69e      0x8d2 c:/program files (x86)/atmel/studio/7.0/toolchain/avr32/avr32-gnu-toolchain/bin/../lib/gcc/avr32/4.4.7/../../../../avr32/lib/ucr2\libc.a(lib_a-closer.o)
 .debug_info    0x0001ff70      0x8a6 c:/program files (x86)/atmel/studio/7.0/toolchain/avr32/avr32-gnu-toolchain/bin/../lib/gcc/avr32/4.4.7/../../../../avr32/lib/ucr2\libc.a(lib_a-errno.o)
 .debug_info    0x00020816      0x9bc c:/program files (x86)/atmel/studio/7.0/toolchain/avr32/avr32-gnu-toolchain/bin/../lib/gcc/avr32/4.4.7/../../../../avr32/lib/ucr2\libc.a(lib_a-fclose.o)
 .debug_info    0x000211d2      0x8fb c:/program files (x86)/atmel/studio/7.0/toolchain/avr32/avr32-gnu-toolchain/bin/../lib/gcc/avr32/4.4.7/../../../../avr32/lib/ucr2\libc.a(lib_a-lseekr.o)
 .debug_info    0x00021acd      0x906 c:/program files (x86)/atmel/studio/7.0/toolchain/avr32/avr32-gnu-toolchain/bin/../lib/gcc/avr32/4.4.7/../../../../avr32/lib/ucr2\libc.a(lib_a-readr.o)
 .debug_info    0x000223d3      0x973 c:/program files (x86)/atmel/studio/7.0/toolchain/avr32/avr32-gnu-toolchain/bin/../lib/gcc/avr32/4.4.7/../../../../avr32/lib/ucr2\libc.a(lib_a-reent.o)

.debug_abbrev   0x00000000     0x40da
 *(.debug_abbrev)
 .debug_abbrev  0x00000000       0x4c src/asf/avr32/boards/uc3_a3_xplained/init.o
 .debug_abbrev  0x0000004c      0x49a src/asf/avr32/drivers/flashc/flashc.o
 .debug_abbrev  0x000004e6      0x2e9 src/asf/avr32/drivers/gpio/gpio.o
 .debug_abbrev  0x000007cf      0x1e5 src/asf/avr32/drivers/intc/intc.o
 .debug_abbrev  0x000009b4      0x460 src/asf/avr32/drivers/usbb/usbb_device.o
 .debug_abbrev  0x00000e14      0x2d5 src/asf/common/services/clock/uc3a3_a4/sysclk.o
 .debug_abbrev  0x000010e9       0x7d src/asf/common/services/sleepmgr/uc3/sleepmgr.o
 .debug_abbrev  0x00001166      0x313 src/asf/common/services/usb/class/cdc/device/udi_cdc.o
 .debug_abbrev  0x00001479       0xfb src/asf/common/services/usb/class/cdc/device/udi_cdc_desc.o
 .debug_abbrev  0x00001574      0x2df src/asf/common/services/usb/udc/udc.o
 .debug_abbrev  0x00001853       0xdc src/asf/common/utils/stdio/read.o
 .debug_abbrev  0x0000192f      0x121 src/asf/common/utils/stdio/stdio_usb/stdio_usb.o
 .debug_abbrev  0x00001a50       0xb5 src/asf/common/utils/stdio/write.o
 .debug_abbrev  0x00001b05      0x180 src/busy_delay.o
 .debug_abbrev  0x00001c85      0x1fb src/main.o
 .debug_abbrev  0x00001e80      0x15a c:/program files (x86)/atmel/studio/7.0/toolchain/avr32/avr32-gnu-toolchain/bin/../lib/gcc/avr32/4.4.7/ucr2\libgcc.a(_udivdi3.o)
 .debug_abbrev  0x00001fda      0x160 c:/program files (x86)/atmel/studio/7.0/toolchain/avr32/avr32-gnu-toolchain/bin/../lib/gcc/avr32/4.4.7/../../../../avr32/lib/ucr2\libc.a(lib_a-impure.o)
 .debug_abbrev  0x0000213a      0x14e c:/program files (x86)/atmel/studio/7.0/toolchain/avr32/avr32-gnu-toolchain/bin/../lib/gcc/avr32/4.4.7/../../../../avr32/lib/ucr2\libc.a(lib_a-setbuf.o)
 .debug_abbrev  0x00002288      0x195 c:/program files (x86)/atmel/studio/7.0/toolchain/avr32/avr32-gnu-toolchain/bin/../lib/gcc/avr32/4.4.7/../../../../avr32/lib/ucr2\libc.a(lib_a-setvbuf.o)
 .debug_abbrev  0x0000241d      0x1c6 c:/program files (x86)/atmel/studio/7.0/toolchain/avr32/avr32-gnu-toolchain/bin/../lib/gcc/avr32/4.4.7/../../../../avr32/lib/ucr2\libc.a(lib_a-fflush.o)
 .debug_abbrev  0x000025e3      0x28c c:/program files (x86)/atmel/studio/7.0/toolchain/avr32/avr32-gnu-toolchain/bin/../lib/gcc/avr32/4.4.7/../../../../avr32/lib/ucr2\libc.a(lib_a-findfp.o)
 .debug_abbrev  0x0000286f      0x1d9 c:/program files (x86)/atmel/studio/7.0/toolchain/avr32/avr32-gnu-toolchain/bin/../lib/gcc/avr32/4.4.7/../../../../avr32/lib/ucr2\libc.a(lib_a-freer.o)
 .debug_abbrev  0x00002a48      0x1df c:/program files (x86)/atmel/studio/7.0/toolchain/avr32/avr32-gnu-toolchain/bin/../lib/gcc/avr32/4.4.7/../../../../avr32/lib/ucr2\libc.a(lib_a-fwalk.o)
 .debug_abbrev  0x00002c27      0x178 c:/program files (x86)/atmel/studio/7.0/toolchain/avr32/avr32-gnu-toolchain/bin/../lib/gcc/avr32/4.4.7/../../../../avr32/lib/ucr2\libc.a(lib_a-malloc.o)
 .debug_abbrev  0x00002d9f      0x205 c:/program files (x86)/atmel/studio/7.0/toolchain/avr32/avr32-gnu-toolchain/bin/../lib/gcc/avr32/4.4.7/../../../../avr32/lib/ucr2\libc.a(lib_a-mallocr.o)
 .debug_abbrev  0x00002fa4       0x85 c:/program files (x86)/atmel/studio/7.0/toolchain/avr32/avr32-gnu-toolchain/bin/../lib/gcc/avr32/4.4.7/../../../../avr32/lib/ucr2\libc.a(lib_a-memset.o)
 .debug_abbrev  0x00003029      0x15b c:/program files (x86)/atmel/studio/7.0/toolchain/avr32/avr32-gnu-toolchain/bin/../lib/gcc/avr32/4.4.7/../../../../avr32/lib/ucr2\libc.a(lib_a-mlock.o)
 .debug_abbrev  0x00003184      0x17f c:/program files (x86)/atmel/studio/7.0/toolchain/avr32/avr32-gnu-toolchain/bin/../lib/gcc/avr32/4.4.7/../../../../avr32/lib/ucr2\libc.a(lib_a-sbrkr.o)
 .debug_abbrev  0x00003303      0x192 c:/program files (x86)/atmel/studio/7.0/toolchain/avr32/avr32-gnu-toolchain/bin/../lib/gcc/avr32/4.4.7/../../../../avr32/lib/ucr2\libc.a(lib_a-stdio.o)
 .debug_abbrev  0x00003495      0x19a c:/program files (x86)/atmel/studio/7.0/toolchain/avr32/avr32-gnu-toolchain/bin/../lib/gcc/avr32/4.4.7/../../../../avr32/lib/ucr2\libc.a(lib_a-syscalls.o)
 .debug_abbrev  0x0000362f      0x175 c:/program files (x86)/atmel/studio/7.0/toolchain/avr32/avr32-gnu-toolchain/bin/../lib/gcc/avr32/4.4.7/../../../../avr32/lib/ucr2\libc.a(lib_a-writer.o)
 .debug_abbrev  0x000037a4      0x170 c:/program files (x86)/atmel/studio/7.0/toolchain/avr32/avr32-gnu-toolchain/bin/../lib/gcc/avr32/4.4.7/../../../../avr32/lib/ucr2\libc.a(lib_a-closer.o)
 .debug_abbrev  0x00003914      0x150 c:/program files (x86)/atmel/studio/7.0/toolchain/avr32/avr32-gnu-toolchain/bin/../lib/gcc/avr32/4.4.7/../../../../avr32/lib/ucr2\libc.a(lib_a-errno.o)
 .debug_abbrev  0x00003a64      0x1a1 c:/program files (x86)/atmel/studio/7.0/toolchain/avr32/avr32-gnu-toolchain/bin/../lib/gcc/avr32/4.4.7/../../../../avr32/lib/ucr2\libc.a(lib_a-fclose.o)
 .debug_abbrev  0x00003c05      0x17f c:/program files (x86)/atmel/studio/7.0/toolchain/avr32/avr32-gnu-toolchain/bin/../lib/gcc/avr32/4.4.7/../../../../avr32/lib/ucr2\libc.a(lib_a-lseekr.o)
 .debug_abbrev  0x00003d84      0x170 c:/program files (x86)/atmel/studio/7.0/toolchain/avr32/avr32-gnu-toolchain/bin/../lib/gcc/avr32/4.4.7/../../../../avr32/lib/ucr2\libc.a(lib_a-readr.o)
 .debug_abbrev  0x00003ef4      0x1e6 c:/program files (x86)/atmel/studio/7.0/toolchain/avr32/avr32-gnu-toolchain/bin/../lib/gcc/avr32/4.4.7/../../../../avr32/lib/ucr2\libc.a(lib_a-reent.o)

.debug_line     0x00000000     0xe514
 *(.debug_line)
 .debug_line    0x00000000      0x6e3 src/asf/avr32/boards/uc3_a3_xplained/init.o
 .debug_line    0x000006e3     0x168f src/asf/avr32/drivers/flashc/flashc.o
 .debug_line    0x00001d72      0xc69 src/asf/avr32/drivers/gpio/gpio.o
 .debug_line    0x000029db      0x6bb src/asf/avr32/drivers/intc/intc.o
 .debug_line    0x00003096     0x1940 src/asf/avr32/drivers/usbb/usbb_device.o
 .debug_line    0x000049d6      0xa61 src/asf/common/services/clock/uc3a3_a4/sysclk.o
 .debug_line    0x00005437      0x6bb src/asf/common/services/sleepmgr/uc3/sleepmgr.o
 .debug_line    0x00005af2      0xf90 src/asf/common/services/usb/class/cdc/device/udi_cdc.o
 .debug_line    0x00006a82      0x7ba src/asf/common/services/usb/class/cdc/device/udi_cdc_desc.o
 .debug_line    0x0000723c      0xc6b src/asf/common/services/usb/udc/udc.o
 .debug_line    0x00007ea7      0x664 src/asf/common/utils/stdio/read.o
 .debug_line    0x0000850b      0x8bf src/asf/common/utils/stdio/stdio_usb/stdio_usb.o
 .debug_line    0x00008dca      0x659 src/asf/common/utils/stdio/write.o
 .debug_line    0x00009423      0x70b src/busy_delay.o
 .debug_line    0x00009b2e      0xab3 src/main.o
 .debug_line    0x0000a5e1      0x1d5 c:/program files (x86)/atmel/studio/7.0/toolchain/avr32/avr32-gnu-toolchain/bin/../lib/gcc/avr32/4.4.7/ucr2\libgcc.a(_udivdi3.o)
 .debug_line    0x0000a7b6      0x1a8 c:/program files (x86)/atmel/studio/7.0/toolchain/avr32/avr32-gnu-toolchain/bin/../lib/gcc/avr32/4.4.7/../../../../avr32/lib/ucr2\libc.a(lib_a-impure.o)
 .debug_line    0x0000a95e      0x236 c:/program files (x86)/atmel/studio/7.0/toolchain/avr32/avr32-gnu-toolchain/bin/../lib/gcc/avr32/4.4.7/../../../../avr32/lib/ucr2\libc.a(lib_a-setbuf.o)
 .debug_line    0x0000ab94      0x2f7 c:/program files (x86)/atmel/studio/7.0/toolchain/avr32/avr32-gnu-toolchain/bin/../lib/gcc/avr32/4.4.7/../../../../avr32/lib/ucr2\libc.a(lib_a-setvbuf.o)
 .debug_line    0x0000ae8b      0x355 c:/program files (x86)/atmel/studio/7.0/toolchain/avr32/avr32-gnu-toolchain/bin/../lib/gcc/avr32/4.4.7/../../../../avr32/lib/ucr2\libc.a(lib_a-fflush.o)
 .debug_line    0x0000b1e0      0x5ad c:/program files (x86)/atmel/studio/7.0/toolchain/avr32/avr32-gnu-toolchain/bin/../lib/gcc/avr32/4.4.7/../../../../avr32/lib/ucr2\libc.a(lib_a-findfp.o)
 .debug_line    0x0000b78d      0x34c c:/program files (x86)/atmel/studio/7.0/toolchain/avr32/avr32-gnu-toolchain/bin/../lib/gcc/avr32/4.4.7/../../../../avr32/lib/ucr2\libc.a(lib_a-freer.o)
 .debug_line    0x0000bad9      0x2fa c:/program files (x86)/atmel/studio/7.0/toolchain/avr32/avr32-gnu-toolchain/bin/../lib/gcc/avr32/4.4.7/../../../../avr32/lib/ucr2\libc.a(lib_a-fwalk.o)
 .debug_line    0x0000bdd3      0x255 c:/program files (x86)/atmel/studio/7.0/toolchain/avr32/avr32-gnu-toolchain/bin/../lib/gcc/avr32/4.4.7/../../../../avr32/lib/ucr2\libc.a(lib_a-malloc.o)
 .debug_line    0x0000c028      0x571 c:/program files (x86)/atmel/studio/7.0/toolchain/avr32/avr32-gnu-toolchain/bin/../lib/gcc/avr32/4.4.7/../../../../avr32/lib/ucr2\libc.a(lib_a-mallocr.o)
 .debug_line    0x0000c599      0x1be c:/program files (x86)/atmel/studio/7.0/toolchain/avr32/avr32-gnu-toolchain/bin/../lib/gcc/avr32/4.4.7/../../../../avr32/lib/ucr2\libc.a(lib_a-memset.o)
 .debug_line    0x0000c757      0x1d4 c:/program files (x86)/atmel/studio/7.0/toolchain/avr32/avr32-gnu-toolchain/bin/../lib/gcc/avr32/4.4.7/../../../../avr32/lib/ucr2\libc.a(lib_a-mlock.o)
 .debug_line    0x0000c92b      0x258 c:/program files (x86)/atmel/studio/7.0/toolchain/avr32/avr32-gnu-toolchain/bin/../lib/gcc/avr32/4.4.7/../../../../avr32/lib/ucr2\libc.a(lib_a-sbrkr.o)
 .debug_line    0x0000cb83      0x303 c:/program files (x86)/atmel/studio/7.0/toolchain/avr32/avr32-gnu-toolchain/bin/../lib/gcc/avr32/4.4.7/../../../../avr32/lib/ucr2\libc.a(lib_a-stdio.o)
 .debug_line    0x0000ce86      0x58e c:/program files (x86)/atmel/studio/7.0/toolchain/avr32/avr32-gnu-toolchain/bin/../lib/gcc/avr32/4.4.7/../../../../avr32/lib/ucr2\libc.a(lib_a-syscalls.o)
 .debug_line    0x0000d414      0x265 c:/program files (x86)/atmel/studio/7.0/toolchain/avr32/avr32-gnu-toolchain/bin/../lib/gcc/avr32/4.4.7/../../../../avr32/lib/ucr2\libc.a(lib_a-writer.o)
 .debug_line    0x0000d679      0x259 c:/program files (x86)/atmel/studio/7.0/toolchain/avr32/avr32-gnu-toolchain/bin/../lib/gcc/avr32/4.4.7/../../../../avr32/lib/ucr2\libc.a(lib_a-closer.o)
 .debug_line    0x0000d8d2      0x1ce c:/program files (x86)/atmel/studio/7.0/toolchain/avr32/avr32-gnu-toolchain/bin/../lib/gcc/avr32/4.4.7/../../../../avr32/lib/ucr2\libc.a(lib_a-errno.o)
 .debug_line    0x0000daa0      0x2bf c:/program files (x86)/atmel/studio/7.0/toolchain/avr32/avr32-gnu-toolchain/bin/../lib/gcc/avr32/4.4.7/../../../../avr32/lib/ucr2\libc.a(lib_a-fclose.o)
 .debug_line    0x0000dd5f      0x265 c:/program files (x86)/atmel/studio/7.0/toolchain/avr32/avr32-gnu-toolchain/bin/../lib/gcc/avr32/4.4.7/../../../../avr32/lib/ucr2\libc.a(lib_a-lseekr.o)
 .debug_line    0x0000dfc4      0x264 c:/program files (x86)/atmel/studio/7.0/toolchain/avr32/avr32-gnu-toolchain/bin/../lib/gcc/avr32/4.4.7/../../../../avr32/lib/ucr2\libc.a(lib_a-readr.o)
 .debug_line    0x0000e228      0x2ec c:/program files (x86)/atmel/studio/7.0/toolchain/avr32/avr32-gnu-toolchain/bin/../lib/gcc/avr32/4.4.7/../../../../avr32/lib/ucr2\libc.a(lib_a-reent.o)

.debug_frame    0x00000000     0x1b78
 *(.debug_frame)
 .debug_frame   0x00000000       0x28 src/asf/avr32/boards/uc3_a3_xplained/init.o
 .debug_frame   0x00000028      0x718 src/asf/avr32/drivers/flashc/flashc.o
 .debug_frame   0x00000740      0x1fc src/asf/avr32/drivers/gpio/gpio.o
 .debug_frame   0x0000093c       0x64 src/asf/avr32/drivers/intc/intc.o
 .debug_frame   0x000009a0      0x2b8 src/asf/avr32/drivers/usbb/usbb_device.o
 .debug_frame   0x00000c58       0xcc src/asf/common/services/clock/uc3a3_a4/sysclk.o
 .debug_frame   0x00000d24      0x2e4 src/asf/common/services/usb/class/cdc/device/udi_cdc.o
 .debug_frame   0x00001008      0x11c src/asf/common/services/usb/udc/udc.o
 .debug_frame   0x00001124       0x44 src/asf/common/utils/stdio/read.o
 .debug_frame   0x00001168       0x9c src/asf/common/utils/stdio/stdio_usb/stdio_usb.o
 .debug_frame   0x00001204       0x40 src/asf/common/utils/stdio/write.o
 .debug_frame   0x00001244       0x50 src/busy_delay.o
 .debug_frame   0x00001294       0x74 src/main.o
 .debug_frame   0x00001308       0x44 c:/program files (x86)/atmel/studio/7.0/toolchain/avr32/avr32-gnu-toolchain/bin/../lib/gcc/avr32/4.4.7/ucr2\libgcc.a(_udivdi3.o)
 .debug_frame   0x0000134c       0x28 c:/program files (x86)/atmel/studio/7.0/toolchain/avr32/avr32-gnu-toolchain/bin/../lib/gcc/avr32/4.4.7/../../../../avr32/lib/ucr2\libc.a(lib_a-setbuf.o)
 .debug_frame   0x00001374       0x40 c:/program files (x86)/atmel/studio/7.0/toolchain/avr32/avr32-gnu-toolchain/bin/../lib/gcc/avr32/4.4.7/../../../../avr32/lib/ucr2\libc.a(lib_a-setvbuf.o)
 .debug_frame   0x000013b4       0x4c c:/program files (x86)/atmel/studio/7.0/toolchain/avr32/avr32-gnu-toolchain/bin/../lib/gcc/avr32/4.4.7/../../../../avr32/lib/ucr2\libc.a(lib_a-fflush.o)
 .debug_frame   0x00001400      0x13c c:/program files (x86)/atmel/studio/7.0/toolchain/avr32/avr32-gnu-toolchain/bin/../lib/gcc/avr32/4.4.7/../../../../avr32/lib/ucr2\libc.a(lib_a-findfp.o)
 .debug_frame   0x0000153c       0x58 c:/program files (x86)/atmel/studio/7.0/toolchain/avr32/avr32-gnu-toolchain/bin/../lib/gcc/avr32/4.4.7/../../../../avr32/lib/ucr2\libc.a(lib_a-freer.o)
 .debug_frame   0x00001594       0x70 c:/program files (x86)/atmel/studio/7.0/toolchain/avr32/avr32-gnu-toolchain/bin/../lib/gcc/avr32/4.4.7/../../../../avr32/lib/ucr2\libc.a(lib_a-fwalk.o)
 .debug_frame   0x00001604       0x40 c:/program files (x86)/atmel/studio/7.0/toolchain/avr32/avr32-gnu-toolchain/bin/../lib/gcc/avr32/4.4.7/../../../../avr32/lib/ucr2\libc.a(lib_a-malloc.o)
 .debug_frame   0x00001644       0x40 c:/program files (x86)/atmel/studio/7.0/toolchain/avr32/avr32-gnu-toolchain/bin/../lib/gcc/avr32/4.4.7/../../../../avr32/lib/ucr2\libc.a(lib_a-mallocr.o)
 .debug_frame   0x00001684       0x20 c:/program files (x86)/atmel/studio/7.0/toolchain/avr32/avr32-gnu-toolchain/bin/../lib/gcc/avr32/4.4.7/../../../../avr32/lib/ucr2\libc.a(lib_a-memset.o)
 .debug_frame   0x000016a4       0x30 c:/program files (x86)/atmel/studio/7.0/toolchain/avr32/avr32-gnu-toolchain/bin/../lib/gcc/avr32/4.4.7/../../../../avr32/lib/ucr2\libc.a(lib_a-mlock.o)
 .debug_frame   0x000016d4       0x34 c:/program files (x86)/atmel/studio/7.0/toolchain/avr32/avr32-gnu-toolchain/bin/../lib/gcc/avr32/4.4.7/../../../../avr32/lib/ucr2\libc.a(lib_a-sbrkr.o)
 .debug_frame   0x00001708       0x94 c:/program files (x86)/atmel/studio/7.0/toolchain/avr32/avr32-gnu-toolchain/bin/../lib/gcc/avr32/4.4.7/../../../../avr32/lib/ucr2\libc.a(lib_a-stdio.o)
 .debug_frame   0x0000179c      0x220 c:/program files (x86)/atmel/studio/7.0/toolchain/avr32/avr32-gnu-toolchain/bin/../lib/gcc/avr32/4.4.7/../../../../avr32/lib/ucr2\libc.a(lib_a-syscalls.o)
 .debug_frame   0x000019bc       0x34 c:/program files (x86)/atmel/studio/7.0/toolchain/avr32/avr32-gnu-toolchain/bin/../lib/gcc/avr32/4.4.7/../../../../avr32/lib/ucr2\libc.a(lib_a-writer.o)
 .debug_frame   0x000019f0       0x34 c:/program files (x86)/atmel/studio/7.0/toolchain/avr32/avr32-gnu-toolchain/bin/../lib/gcc/avr32/4.4.7/../../../../avr32/lib/ucr2\libc.a(lib_a-closer.o)
 .debug_frame   0x00001a24       0x20 c:/program files (x86)/atmel/studio/7.0/toolchain/avr32/avr32-gnu-toolchain/bin/../lib/gcc/avr32/4.4.7/../../../../avr32/lib/ucr2\libc.a(lib_a-errno.o)
 .debug_frame   0x00001a44       0x4c c:/program files (x86)/atmel/studio/7.0/toolchain/avr32/avr32-gnu-toolchain/bin/../lib/gcc/avr32/4.4.7/../../../../avr32/lib/ucr2\libc.a(lib_a-fclose.o)
 .debug_frame   0x00001a90       0x34 c:/program files (x86)/atmel/studio/7.0/toolchain/avr32/avr32-gnu-toolchain/bin/../lib/gcc/avr32/4.4.7/../../../../avr32/lib/ucr2\libc.a(lib_a-lseekr.o)
 .debug_frame   0x00001ac4       0x34 c:/program files (x86)/atmel/studio/7.0/toolchain/avr32/avr32-gnu-toolchain/bin/../lib/gcc/avr32/4.4.7/../../../../avr32/lib/ucr2\libc.a(lib_a-readr.o)
 .debug_frame   0x00001af8       0x80 c:/program files (x86)/atmel/studio/7.0/toolchain/avr32/avr32-gnu-toolchain/bin/../lib/gcc/avr32/4.4.7/../../../../avr32/lib/ucr2\libc.a(lib_a-reent.o)

.debug_str      0x00000000     0x7a98
 *(.debug_str)
 .debug_str     0x00000000       0xc4 src/asf/avr32/boards/uc3_a3_xplained/init.o
                                0x10a (size before relaxing)
 .debug_str     0x000000c4      0xa84 src/asf/avr32/drivers/flashc/flashc.o
                                0xc14 (size before relaxing)
 .debug_str     0x00000b48      0x413 src/asf/avr32/drivers/gpio/gpio.o
                                0x516 (size before relaxing)
 .debug_str     0x00000f5b      0x47b src/asf/avr32/drivers/intc/intc.o
                                0x55f (size before relaxing)
 .debug_str     0x000013d6     0x38ec src/asf/avr32/drivers/usbb/usbb_device.o
                               0x3c17 (size before relaxing)
 .debug_str     0x00004cc2      0x272 src/asf/common/services/clock/uc3a3_a4/sysclk.o
                                0x723 (size before relaxing)
 .debug_str     0x00004f34       0x33 src/asf/common/services/sleepmgr/uc3/sleepmgr.o
                                0x1aa (size before relaxing)
 .debug_str     0x00004f67      0x5cc src/asf/common/services/usb/class/cdc/device/udi_cdc.o
                                0x800 (size before relaxing)
 .debug_str     0x00005533      0x48a src/asf/common/services/usb/class/cdc/device/udi_cdc_desc.o
                                0x65d (size before relaxing)
 .debug_str     0x000059bd      0x651 src/asf/common/services/usb/udc/udc.o
                                0xafd (size before relaxing)
 .debug_str     0x0000600e       0x3f src/asf/common/utils/stdio/read.o
                                0x11a (size before relaxing)
 .debug_str     0x0000604d      0x10b src/asf/common/utils/stdio/stdio_usb/stdio_usb.o
                                0x1f3 (size before relaxing)
 .debug_str     0x00006158       0x2d src/asf/common/utils/stdio/write.o
                                0x11c (size before relaxing)
 .debug_str     0x00006185       0xf4 src/busy_delay.o
                                0x1de (size before relaxing)
 .debug_str     0x00006279      0x716 src/main.o
                                0x892 (size before relaxing)
 .debug_str     0x0000698f      0x152 c:/program files (x86)/atmel/studio/7.0/toolchain/avr32/avr32-gnu-toolchain/bin/../lib/gcc/avr32/4.4.7/ucr2\libgcc.a(_udivdi3.o)
                                0x207 (size before relaxing)
 .debug_str     0x00006ae1       0xcb c:/program files (x86)/atmel/studio/7.0/toolchain/avr32/avr32-gnu-toolchain/bin/../lib/gcc/avr32/4.4.7/../../../../avr32/lib/ucr2\libc.a(lib_a-impure.o)
                                0x502 (size before relaxing)
 .debug_str     0x00006bac       0x74 c:/program files (x86)/atmel/studio/7.0/toolchain/avr32/avr32-gnu-toolchain/bin/../lib/gcc/avr32/4.4.7/../../../../avr32/lib/ucr2\libc.a(lib_a-setbuf.o)
                                0x4a4 (size before relaxing)
 .debug_str     0x00006c20       0x76 c:/program files (x86)/atmel/studio/7.0/toolchain/avr32/avr32-gnu-toolchain/bin/../lib/gcc/avr32/4.4.7/../../../../avr32/lib/ucr2\libc.a(lib_a-setvbuf.o)
                                0x502 (size before relaxing)
 .debug_str     0x00006c96       0x85 c:/program files (x86)/atmel/studio/7.0/toolchain/avr32/avr32-gnu-toolchain/bin/../lib/gcc/avr32/4.4.7/../../../../avr32/lib/ucr2\libc.a(lib_a-fflush.o)
                                0x51a (size before relaxing)
 .debug_str     0x00006d1b      0x135 c:/program files (x86)/atmel/studio/7.0/toolchain/avr32/avr32-gnu-toolchain/bin/../lib/gcc/avr32/4.4.7/../../../../avr32/lib/ucr2\libc.a(lib_a-findfp.o)
                                0x5dc (size before relaxing)
 .debug_str     0x00006e50      0x18e c:/program files (x86)/atmel/studio/7.0/toolchain/avr32/avr32-gnu-toolchain/bin/../lib/gcc/avr32/4.4.7/../../../../avr32/lib/ucr2\libc.a(lib_a-freer.o)
                                0x5eb (size before relaxing)
 .debug_str     0x00006fde       0x91 c:/program files (x86)/atmel/studio/7.0/toolchain/avr32/avr32-gnu-toolchain/bin/../lib/gcc/avr32/4.4.7/../../../../avr32/lib/ucr2\libc.a(lib_a-fwalk.o)
                                0x4de (size before relaxing)
 .debug_str     0x0000706f       0x7a c:/program files (x86)/atmel/studio/7.0/toolchain/avr32/avr32-gnu-toolchain/bin/../lib/gcc/avr32/4.4.7/../../../../avr32/lib/ucr2\libc.a(lib_a-malloc.o)
                                0x4c4 (size before relaxing)
 .debug_str     0x000070e9       0xe9 c:/program files (x86)/atmel/studio/7.0/toolchain/avr32/avr32-gnu-toolchain/bin/../lib/gcc/avr32/4.4.7/../../../../avr32/lib/ucr2\libc.a(lib_a-mallocr.o)
                                0x699 (size before relaxing)
 .debug_str     0x000071d2       0x75 c:/program files (x86)/atmel/studio/7.0/toolchain/avr32/avr32-gnu-toolchain/bin/../lib/gcc/avr32/4.4.7/../../../../avr32/lib/ucr2\libc.a(lib_a-memset.o)
                                0x111 (size before relaxing)
 .debug_str     0x00007247       0xa0 c:/program files (x86)/atmel/studio/7.0/toolchain/avr32/avr32-gnu-toolchain/bin/../lib/gcc/avr32/4.4.7/../../../../avr32/lib/ucr2\libc.a(lib_a-mlock.o)
                                0x4cb (size before relaxing)
 .debug_str     0x000072e7       0x83 c:/program files (x86)/atmel/studio/7.0/toolchain/avr32/avr32-gnu-toolchain/bin/../lib/gcc/avr32/4.4.7/../../../../avr32/lib/ucr2\libc.a(lib_a-sbrkr.o)
                                0x4b4 (size before relaxing)
 .debug_str     0x0000736a       0x9c c:/program files (x86)/atmel/studio/7.0/toolchain/avr32/avr32-gnu-toolchain/bin/../lib/gcc/avr32/4.4.7/../../../../avr32/lib/ucr2\libc.a(lib_a-stdio.o)
                                0x4da (size before relaxing)
 .debug_str     0x00007406      0x316 c:/program files (x86)/atmel/studio/7.0/toolchain/avr32/avr32-gnu-toolchain/bin/../lib/gcc/avr32/4.4.7/../../../../avr32/lib/ucr2\libc.a(lib_a-syscalls.o)
                                0x43d (size before relaxing)
 .debug_str     0x0000771c       0x7f c:/program files (x86)/atmel/studio/7.0/toolchain/avr32/avr32-gnu-toolchain/bin/../lib/gcc/avr32/4.4.7/../../../../avr32/lib/ucr2\libc.a(lib_a-writer.o)
                                0x4b7 (size before relaxing)
 .debug_str     0x0000779b       0x76 c:/program files (x86)/atmel/studio/7.0/toolchain/avr32/avr32-gnu-toolchain/bin/../lib/gcc/avr32/4.4.7/../../../../avr32/lib/ucr2\libc.a(lib_a-closer.o)
                                0x4a7 (size before relaxing)
 .debug_str     0x00007811       0x74 c:/program files (x86)/atmel/studio/7.0/toolchain/avr32/avr32-gnu-toolchain/bin/../lib/gcc/avr32/4.4.7/../../../../avr32/lib/ucr2\libc.a(lib_a-errno.o)
                                0x4ab (size before relaxing)
 .debug_str     0x00007885       0x83 c:/program files (x86)/atmel/studio/7.0/toolchain/avr32/avr32-gnu-toolchain/bin/../lib/gcc/avr32/4.4.7/../../../../avr32/lib/ucr2\libc.a(lib_a-fclose.o)
                                0x4fe (size before relaxing)
 .debug_str     0x00007908       0x76 c:/program files (x86)/atmel/studio/7.0/toolchain/avr32/avr32-gnu-toolchain/bin/../lib/gcc/avr32/4.4.7/../../../../avr32/lib/ucr2\libc.a(lib_a-lseekr.o)
                                0x4b5 (size before relaxing)
 .debug_str     0x0000797e       0x74 c:/program files (x86)/atmel/studio/7.0/toolchain/avr32/avr32-gnu-toolchain/bin/../lib/gcc/avr32/4.4.7/../../../../avr32/lib/ucr2\libc.a(lib_a-readr.o)
                                0x4b5 (size before relaxing)
 .debug_str     0x000079f2       0xa6 c:/program files (x86)/atmel/studio/7.0/toolchain/avr32/avr32-gnu-toolchain/bin/../lib/gcc/avr32/4.4.7/../../../../avr32/lib/ucr2\libc.a(lib_a-reent.o)
                                0x4e8 (size before relaxing)

.debug_loc      0x00000000     0x46ce
 *(.debug_loc)
 .debug_loc     0x00000000       0x1f src/asf/avr32/boards/uc3_a3_xplained/init.o
 .debug_loc     0x0000001f     0x10c4 src/asf/avr32/drivers/flashc/flashc.o
 .debug_loc     0x000010e3      0x36b src/asf/avr32/drivers/gpio/gpio.o
 .debug_loc     0x0000144e       0x7e src/asf/avr32/drivers/intc/intc.o
 .debug_loc     0x000014cc      0x662 src/asf/avr32/drivers/usbb/usbb_device.o
 .debug_loc     0x00001b2e      0x172 src/asf/common/services/clock/uc3a3_a4/sysclk.o
 .debug_loc     0x00001ca0      0x4de src/asf/common/services/usb/class/cdc/device/udi_cdc.o
 .debug_loc     0x0000217e      0x3c0 src/asf/common/services/usb/udc/udc.o
 .debug_loc     0x0000253e       0xa3 src/asf/common/utils/stdio/read.o
 .debug_loc     0x000025e1      0x11a src/asf/common/utils/stdio/stdio_usb/stdio_usb.o
 .debug_loc     0x000026fb       0x6e src/asf/common/utils/stdio/write.o
 .debug_loc     0x00002769       0x64 src/busy_delay.o
 .debug_loc     0x000027cd       0x5d src/main.o
 .debug_loc     0x0000282a      0x75d c:/program files (x86)/atmel/studio/7.0/toolchain/avr32/avr32-gnu-toolchain/bin/../lib/gcc/avr32/4.4.7/ucr2\libgcc.a(_udivdi3.o)
 .debug_loc     0x00002f87       0x45 c:/program files (x86)/atmel/studio/7.0/toolchain/avr32/avr32-gnu-toolchain/bin/../lib/gcc/avr32/4.4.7/../../../../avr32/lib/ucr2\libc.a(lib_a-setbuf.o)
 .debug_loc     0x00002fcc      0x118 c:/program files (x86)/atmel/studio/7.0/toolchain/avr32/avr32-gnu-toolchain/bin/../lib/gcc/avr32/4.4.7/../../../../avr32/lib/ucr2\libc.a(lib_a-setvbuf.o)
 .debug_loc     0x000030e4      0x13f c:/program files (x86)/atmel/studio/7.0/toolchain/avr32/avr32-gnu-toolchain/bin/../lib/gcc/avr32/4.4.7/../../../../avr32/lib/ucr2\libc.a(lib_a-fflush.o)
 .debug_loc     0x00003223      0x202 c:/program files (x86)/atmel/studio/7.0/toolchain/avr32/avr32-gnu-toolchain/bin/../lib/gcc/avr32/4.4.7/../../../../avr32/lib/ucr2\libc.a(lib_a-findfp.o)
 .debug_loc     0x00003425      0x32c c:/program files (x86)/atmel/studio/7.0/toolchain/avr32/avr32-gnu-toolchain/bin/../lib/gcc/avr32/4.4.7/../../../../avr32/lib/ucr2\libc.a(lib_a-freer.o)
 .debug_loc     0x00003751       0xe7 c:/program files (x86)/atmel/studio/7.0/toolchain/avr32/avr32-gnu-toolchain/bin/../lib/gcc/avr32/4.4.7/../../../../avr32/lib/ucr2\libc.a(lib_a-fwalk.o)
 .debug_loc     0x00003838       0x64 c:/program files (x86)/atmel/studio/7.0/toolchain/avr32/avr32-gnu-toolchain/bin/../lib/gcc/avr32/4.4.7/../../../../avr32/lib/ucr2\libc.a(lib_a-malloc.o)
 .debug_loc     0x0000389c      0x59a c:/program files (x86)/atmel/studio/7.0/toolchain/avr32/avr32-gnu-toolchain/bin/../lib/gcc/avr32/4.4.7/../../../../avr32/lib/ucr2\libc.a(lib_a-mallocr.o)
 .debug_loc     0x00003e36       0x63 c:/program files (x86)/atmel/studio/7.0/toolchain/avr32/avr32-gnu-toolchain/bin/../lib/gcc/avr32/4.4.7/../../../../avr32/lib/ucr2\libc.a(lib_a-sbrkr.o)
 .debug_loc     0x00003e99      0x1ee c:/program files (x86)/atmel/studio/7.0/toolchain/avr32/avr32-gnu-toolchain/bin/../lib/gcc/avr32/4.4.7/../../../../avr32/lib/ucr2\libc.a(lib_a-stdio.o)
 .debug_loc     0x00004087      0x268 c:/program files (x86)/atmel/studio/7.0/toolchain/avr32/avr32-gnu-toolchain/bin/../lib/gcc/avr32/4.4.7/../../../../avr32/lib/ucr2\libc.a(lib_a-syscalls.o)
 .debug_loc     0x000042ef       0x94 c:/program files (x86)/atmel/studio/7.0/toolchain/avr32/avr32-gnu-toolchain/bin/../lib/gcc/avr32/4.4.7/../../../../avr32/lib/ucr2\libc.a(lib_a-writer.o)
 .debug_loc     0x00004383       0x63 c:/program files (x86)/atmel/studio/7.0/toolchain/avr32/avr32-gnu-toolchain/bin/../lib/gcc/avr32/4.4.7/../../../../avr32/lib/ucr2\libc.a(lib_a-closer.o)
 .debug_loc     0x000043e6       0xb6 c:/program files (x86)/atmel/studio/7.0/toolchain/avr32/avr32-gnu-toolchain/bin/../lib/gcc/avr32/4.4.7/../../../../avr32/lib/ucr2\libc.a(lib_a-fclose.o)
 .debug_loc     0x0000449c       0x94 c:/program files (x86)/atmel/studio/7.0/toolchain/avr32/avr32-gnu-toolchain/bin/../lib/gcc/avr32/4.4.7/../../../../avr32/lib/ucr2\libc.a(lib_a-lseekr.o)
 .debug_loc     0x00004530       0x94 c:/program files (x86)/atmel/studio/7.0/toolchain/avr32/avr32-gnu-toolchain/bin/../lib/gcc/avr32/4.4.7/../../../../avr32/lib/ucr2\libc.a(lib_a-readr.o)